Archive member included to satisfy reference by file (symbol)

/usr/lib/i386-linux-gnu/libc_nonshared.a(stack_chk_fail_local.oS)
                              /data/riotbuild/riotproject/bin/native/application_my-iot-app/main.o (__stack_chk_fail_local)

Merging program properties

Removed property 0xc0000002 to merge /usr/lib/gcc/x86_64-linux-gnu/11/../../../i386-linux-gnu/crt1.o (0x3) and /data/riotbuild/riotproject/bin/native/application_my-iot-app/main.o (not found)
Removed property 0xc0000002 to merge /usr/lib/gcc/x86_64-linux-gnu/11/../../../i386-linux-gnu/crt1.o (not found) and /usr/lib/i386-linux-gnu/libc_nonshared.a(stack_chk_fail_local.oS) (0x3)
Removed property 0xc0000002 to merge /usr/lib/gcc/x86_64-linux-gnu/11/../../../i386-linux-gnu/crt1.o (not found) and /usr/lib/gcc/x86_64-linux-gnu/11/32/crtend.o (0x3)
Removed property 0xc0000002 to merge /usr/lib/gcc/x86_64-linux-gnu/11/../../../i386-linux-gnu/crt1.o (not found) and /usr/lib/gcc/x86_64-linux-gnu/11/../../../i386-linux-gnu/crtn.o (0x3)

As-needed library included to satisfy reference by file (symbol)

libc.so.6                     /data/riotbuild/riotproject/bin/native/cpu/startup.o (strtol@@GLIBC_2.0)

Discarded input sections

 .note.gnu.property
                0x0000000000000000       0x1c /usr/lib/gcc/x86_64-linux-gnu/11/../../../i386-linux-gnu/crt1.o
 .rodata        0x0000000000000000        0x4 /usr/lib/gcc/x86_64-linux-gnu/11/../../../i386-linux-gnu/crt1.o
 .data          0x0000000000000000        0x4 /usr/lib/gcc/x86_64-linux-gnu/11/../../../i386-linux-gnu/crt1.o
 .bss           0x0000000000000000        0x0 /usr/lib/gcc/x86_64-linux-gnu/11/../../../i386-linux-gnu/crt1.o
 .note.GNU-stack
                0x0000000000000000        0x0 /usr/lib/gcc/x86_64-linux-gnu/11/../../../i386-linux-gnu/crt1.o
 .group         0x0000000000000000        0x8 /usr/lib/gcc/x86_64-linux-gnu/11/../../../i386-linux-gnu/crti.o
 .text          0x0000000000000000        0x0 /usr/lib/gcc/x86_64-linux-gnu/11/../../../i386-linux-gnu/crti.o
 .data          0x0000000000000000        0x0 /usr/lib/gcc/x86_64-linux-gnu/11/../../../i386-linux-gnu/crti.o
 .bss           0x0000000000000000        0x0 /usr/lib/gcc/x86_64-linux-gnu/11/../../../i386-linux-gnu/crti.o
 .note.gnu.property
                0x0000000000000000       0x1c /usr/lib/gcc/x86_64-linux-gnu/11/../../../i386-linux-gnu/crti.o
 .note.GNU-stack
                0x0000000000000000        0x0 /usr/lib/gcc/x86_64-linux-gnu/11/../../../i386-linux-gnu/crti.o
 .data          0x0000000000000000        0x4 /usr/lib/gcc/x86_64-linux-gnu/11/32/crtbegin.o
 .note.GNU-stack
                0x0000000000000000        0x0 /usr/lib/gcc/x86_64-linux-gnu/11/32/crtbegin.o
 .note.gnu.property
                0x0000000000000000       0x1c /usr/lib/gcc/x86_64-linux-gnu/11/32/crtbegin.o
 .group         0x0000000000000000        0x8 /data/riotbuild/riotproject/bin/native/application_my-iot-app/main.o
 .group         0x0000000000000000        0xc /data/riotbuild/riotproject/bin/native/application_my-iot-app/main.o
 .group         0x0000000000000000        0xc /data/riotbuild/riotproject/bin/native/application_my-iot-app/main.o
 .group         0x0000000000000000        0xc /data/riotbuild/riotproject/bin/native/application_my-iot-app/main.o
 .group         0x0000000000000000        0xc /data/riotbuild/riotproject/bin/native/application_my-iot-app/main.o
 .group         0x0000000000000000        0xc /data/riotbuild/riotproject/bin/native/application_my-iot-app/main.o
 .group         0x0000000000000000        0xc /data/riotbuild/riotproject/bin/native/application_my-iot-app/main.o
 .group         0x0000000000000000        0xc /data/riotbuild/riotproject/bin/native/application_my-iot-app/main.o
 .group         0x0000000000000000        0xc /data/riotbuild/riotproject/bin/native/application_my-iot-app/main.o
 .group         0x0000000000000000        0xc /data/riotbuild/riotproject/bin/native/application_my-iot-app/main.o
 .group         0x0000000000000000        0xc /data/riotbuild/riotproject/bin/native/application_my-iot-app/main.o
 .group         0x0000000000000000        0xc /data/riotbuild/riotproject/bin/native/application_my-iot-app/main.o
 .group         0x0000000000000000        0xc /data/riotbuild/riotproject/bin/native/application_my-iot-app/main.o
 .group         0x0000000000000000        0xc /data/riotbuild/riotproject/bin/native/application_my-iot-app/main.o
 .group         0x0000000000000000        0xc /data/riotbuild/riotproject/bin/native/application_my-iot-app/main.o
 .group         0x0000000000000000        0xc /data/riotbuild/riotproject/bin/native/application_my-iot-app/main.o
 .group         0x0000000000000000        0xc /data/riotbuild/riotproject/bin/native/application_my-iot-app/main.o
 .group         0x0000000000000000        0xc /data/riotbuild/riotproject/bin/native/application_my-iot-app/main.o
 .group         0x0000000000000000        0xc /data/riotbuild/riotproject/bin/native/application_my-iot-app/main.o
[...]
Memory Configuration

Name             Origin             Length             Attributes
*default*        0x0000000000000000 0xffffffffffffffff

Linker script and memory map

                [!provide]                        PROVIDE (__executable_start = SEGMENT_START ("text-segment", 0x8048000))
                0x0000000008048194                . = (SEGMENT_START ("text-segment", 0x8048000) + SIZEOF_HEADERS)

.interp         0x0000000008048194       0x13
 *(.interp)
 .interp        0x0000000008048194       0x13 /usr/lib/gcc/x86_64-linux-gnu/11/../../../i386-linux-gnu/crt1.o

.note.gnu.build-id
                0x00000000080481a8       0x24
 *(.note.gnu.build-id)
 .note.gnu.build-id
                0x00000000080481a8       0x24 /usr/lib/gcc/x86_64-linux-gnu/11/../../../i386-linux-gnu/crt1.o

.note.ABI-tag   0x00000000080481cc       0x20
 .note.ABI-tag  0x00000000080481cc       0x20 /usr/lib/gcc/x86_64-linux-gnu/11/../../../i386-linux-gnu/crt1.o

.hash
 *(.hash)

.gnu.hash       0x00000000080481ec       0xd4
 *(.gnu.hash)
 .gnu.hash      0x00000000080481ec       0xd4 /usr/lib/gcc/x86_64-linux-gnu/11/../../../i386-linux-gnu/crt1.o

.dynsym         0x00000000080482c0      0x390
 *(.dynsym)
 .dynsym        0x00000000080482c0      0x390 /usr/lib/gcc/x86_64-linux-gnu/11/../../../i386-linux-gnu/crt1.o

.dynstr         0x0000000008048650      0x1f5
 *(.dynstr)
 .dynstr        0x0000000008048650      0x1f5 /usr/lib/gcc/x86_64-linux-gnu/11/../../../i386-linux-gnu/crt1.o

.gnu.version    0x0000000008048846       0x72
 *(.gnu.version)
 .gnu.version   0x0000000008048846       0x72 /usr/lib/gcc/x86_64-linux-gnu/11/../../../i386-linux-gnu/crt1.o

.gnu.version_d  0x00000000080488b8        0x0
 *(.gnu.version_d)
 .gnu.version_d
                0x00000000080488b8        0x0 /usr/lib/gcc/x86_64-linux-gnu/11/../../../i386-linux-gnu/crt1.o

.gnu.version_r  0x00000000080488b8       0x60
 *(.gnu.version_r)
 .gnu.version_r
                0x00000000080488b8       0x60 /usr/lib/gcc/x86_64-linux-gnu/11/../../../i386-linux-gnu/crt1.o

.rel.dyn        0x0000000008048918       0x28
 *(.rel.init)
 *(.rel.text .rel.text.* .rel.gnu.linkonce.t.*)
 .rel.text      0x0000000008048918        0x0 /usr/lib/gcc/x86_64-linux-gnu/11/../../../i386-linux-gnu/crt1.o
 .rel.text.core_panic
                0x0000000008048918        0x0 /usr/lib/gcc/x86_64-linux-gnu/11/../../../i386-linux-gnu/crt1.o
 *(.rel.fini)
 *(.rel.rodata .rel.rodata.* .rel.gnu.linkonce.r.*)
 *(.rel.data.rel.ro .rel.data.rel.ro.* .rel.gnu.linkonce.d.rel.ro.*)
 .rel.data.rel.ro
                0x0000000008048918        0x0 /usr/lib/gcc/x86_64-linux-gnu/11/../../../i386-linux-gnu/crt1.o
 *(.rel.data .rel.data.* .rel.gnu.linkonce.d.*)
 *(.rel.tdata .rel.tdata.* .rel.gnu.linkonce.td.*)
 *(.rel.tbss .rel.tbss.* .rel.gnu.linkonce.tb.*)
 *(.rel.ctors)
 *(.rel.dtors)
 *(.rel.got)
 .rel.got       0x0000000008048918       0x28 /usr/lib/gcc/x86_64-linux-gnu/11/../../../i386-linux-gnu/crt1.o
 *(.rel.bss .rel.bss.* .rel.gnu.linkonce.b.*)
 .rel.bss       0x0000000008048940        0x0 /usr/lib/gcc/x86_64-linux-gnu/11/../../../i386-linux-gnu/crt1.o
 *(.rel.ifunc)

.rel.plt        0x0000000008048940       0xd8
 *(.rel.plt)
 .rel.plt       0x0000000008048940       0xd8 /usr/lib/gcc/x86_64-linux-gnu/11/../../../i386-linux-gnu/crt1.o
                [!provide]                        PROVIDE (__rel_iplt_start = .)
 *(.rel.iplt)
 .rel.iplt      0x0000000008048a18        0x0 /usr/lib/gcc/x86_64-linux-gnu/11/../../../i386-linux-gnu/crt1.o
                [!provide]                        PROVIDE (__rel_iplt_end = .)

.relr.dyn
 *(.relr.dyn)
                0x0000000008049000                . = ALIGN (CONSTANT (MAXPAGESIZE))

.init           0x0000000008049000       0x24
 *(SORT_NONE(.init))
 .init          0x0000000008049000       0x1f /usr/lib/gcc/x86_64-linux-gnu/11/../../../i386-linux-gnu/crti.o
                0x0000000008049000                _init
 .init          0x000000000804901f        0x5 /usr/lib/gcc/x86_64-linux-gnu/11/../../../i386-linux-gnu/crtn.o

.plt            0x0000000008049030      0x1c0
 *(.plt)
 .plt           0x0000000008049030      0x1c0 /usr/lib/gcc/x86_64-linux-gnu/11/../../../i386-linux-gnu/crt1.o
                0x0000000008049040                strcmp@@GLIBC_2.0
                0x0000000008049050                __libc_start_main@@GLIBC_2.34
                0x0000000008049060                sigprocmask@@GLIBC_2.0
                0x0000000008049070                reallocarray@@GLIBC_2.26
                0x0000000008049080                setcontext@@GLIBC_2.0
                0x0000000008049090                __stack_chk_fail@@GLIBC_2.4
                0x00000000080490a0                sysconf@@GLIBC_2.0
                0x00000000080490b0                strerror@@GLIBC_2.0
                0x00000000080490c0                kill@@GLIBC_2.0
                0x00000000080490d0                getopt_long@@GLIBC_2.0
                0x00000000080490e0                strlen@@GLIBC_2.0
                0x00000000080490f0                sigdelset@@GLIBC_2.0
                0x0000000008049100                getcontext@@GLIBC_2.1
                0x0000000008049110                sigaddset@@GLIBC_2.0
                0x0000000008049120                sigfillset@@GLIBC_2.0
                0x0000000008049130                snprintf@@GLIBC_2.0
                0x0000000008049140                swapcontext@@GLIBC_2.1
                0x0000000008049150                __errno_location@@GLIBC_2.0
                0x0000000008049160                fileno@@GLIBC_2.0
                0x0000000008049170                makecontext@@GLIBC_2.1
                0x0000000008049180                strndup@@GLIBC_2.0
                0x0000000008049190                sigemptyset@@GLIBC_2.0
                0x00000000080491a0                dlsym@@GLIBC_2.34
                0x00000000080491b0                vsnprintf@@GLIBC_2.0
                0x00000000080491c0                sigaction@@GLIBC_2.0
                0x00000000080491d0                strtol@@GLIBC_2.0
                0x00000000080491e0                sigaltstack@@GLIBC_2.0
 *(.iplt)
 .iplt          0x00000000080491f0        0x0 /usr/lib/gcc/x86_64-linux-gnu/11/../../../i386-linux-gnu/crt1.o

.plt.got        0x00000000080491f0        0x0
 *(.plt.got)
 .plt.got       0x00000000080491f0        0x0 /usr/lib/gcc/x86_64-linux-gnu/11/../../../i386-linux-gnu/crt1.o

.plt.sec
 *(.plt.sec)

.text           0x00000000080491f0     0x35e8
 *(.text.unlikely .text.*_unlikely .text.unlikely.*)
 *(.text.exit .text.exit.*)
 *(.text.startup .text.startup.*)
 .text.startup  0x00000000080491f0      0x2e0 /data/riotbuild/riotproject/bin/native/cpu/startup.o
 *(.text.hot .text.hot.*)
 *(SORT_BY_NAME(.text.sorted.*))
 *(.text .stub .text.* .gnu.linkonce.t.*)
 .text          0x00000000080494d0       0x45 /usr/lib/gcc/x86_64-linux-gnu/11/../../../i386-linux-gnu/crt1.o
                0x00000000080494d0                _start
                0x0000000008049510                _dl_relocate_static_pie
 *fill*         0x0000000008049515        0xb 
 .text.__x86.get_pc_thunk.bx
                0x0000000008049520        0x4 /usr/lib/gcc/x86_64-linux-gnu/11/../../../i386-linux-gnu/crti.o
                0x0000000008049520                __x86.get_pc_thunk.bx
 *fill*         0x0000000008049524        0xc 
 .text          0x0000000008049530       0xb6 /usr/lib/gcc/x86_64-linux-gnu/11/32/crtbegin.o
 .text.delay    0x00000000080495e6       0x45 /data/riotbuild/riotproject/bin/native/application_my-iot-app/main.o
 .text.main     0x000000000804962b       0x46 /data/riotbuild/riotproject/bin/native/application_my-iot-app/main.o
                0x000000000804962b                main
 .text.auto_init
                0x0000000008049671       0x5e /data/riotbuild/riotproject/bin/native/auto_init/auto_init.o
                0x0000000008049671                auto_init
 .text.__x86.get_pc_thunk.si
                0x00000000080496cf        0x4 /data/riotbuild/riotproject/bin/native/auto_init/auto_init.o
                0x00000000080496cf                __x86.get_pc_thunk.si
 .text.board_init
                0x00000000080496d3       0x41 /data/riotbuild/riotproject/bin/native/board/board_init.o
                0x00000000080496d3                board_init
 .text.__x86.get_pc_thunk.ax
                0x0000000008049714        0x4 /data/riotbuild/riotproject/bin/native/core/msg.o
                0x0000000008049714                __x86.get_pc_thunk.ax
 .text._unschedule
                0x0000000008049718       0x6e /data/riotbuild/riotproject/bin/native/core/sched.o
 .text.sched_run
                0x0000000008049786       0x8f /data/riotbuild/riotproject/bin/native/core/sched.o
                0x0000000008049786                sched_run
 .text.sched_set_status
                0x0000000008049815       0xd8 /data/riotbuild/riotproject/bin/native/core/sched.o
                0x0000000008049815                sched_set_status
 .text.sched_switch
                0x00000000080498ed       0x6b /data/riotbuild/riotproject/bin/native/core/sched.o
                0x00000000080498ed                sched_switch
 .text.sched_task_exit
                0x0000000008049958       0x61 /data/riotbuild/riotproject/bin/native/core/sched.o
                0x0000000008049958                sched_task_exit
 .text.thread_create
                0x00000000080499b9      0x1fb /data/riotbuild/riotproject/bin/native/core/thread.o
                0x00000000080499b9                thread_create
 .text.__x86.get_pc_thunk.dx
                0x0000000008049bb4        0x4 /data/riotbuild/riotproject/bin/native/core/thread.o
                0x0000000008049bb4                __x86.get_pc_thunk.dx
 .text._assert_failure
                0x0000000008049bb8       0x40 /data/riotbuild/riotproject/bin/native/core_lib/assert.o
                0x0000000008049bb8                _assert_failure
 .text.main_trampoline
                0x0000000008049bf8       0x53 /data/riotbuild/riotproject/bin/native/core_lib/init.o
 .text.idle_thread
                0x0000000008049c4b       0x22 /data/riotbuild/riotproject/bin/native/core_lib/init.o
 .text.kernel_init
                0x0000000008049c6d       0x78 /data/riotbuild/riotproject/bin/native/core_lib/init.o
                0x0000000008049c6d                kernel_init
 .text.early_init
                0x0000000008049ce5       0x3c /data/riotbuild/riotproject/bin/native/core_lib/init.o
                0x0000000008049ce5                early_init
 .text.panic_app
                0x0000000008049d21       0x25 /data/riotbuild/riotproject/bin/native/core_lib/panic.o
                0x0000000008049d21                panic_app
 .text.core_panic
                0x0000000008049d46       0x74 /data/riotbuild/riotproject/bin/native/core_lib/panic.o
                0x0000000008049d46                core_panic
 .text.native_async_read_cleanup
                0x0000000008049dba       0x85 /data/riotbuild/riotproject/bin/native/cpu/async_read.o
                0x0000000008049dba                native_async_read_cleanup
 .text.native_shutdown
                0x0000000008049e3f       0x37 /data/riotbuild/riotproject/bin/native/cpu/irq_cpu.o
 .text.irq_disable
                0x0000000008049e76       0x82 /data/riotbuild/riotproject/bin/native/cpu/irq_cpu.o
                0x0000000008049e76                irq_disable
 .text.irq_enable
                0x0000000008049ef8       0xbf /data/riotbuild/riotproject/bin/native/cpu/irq_cpu.o
                0x0000000008049ef8                irq_enable
 .text.irq_restore
                0x0000000008049fb7       0x38 /data/riotbuild/riotproject/bin/native/cpu/irq_cpu.o
                0x0000000008049fb7                irq_restore
 .text.irq_is_in
                0x0000000008049fef       0x3b /data/riotbuild/riotproject/bin/native/cpu/irq_cpu.o
                0x0000000008049fef                irq_is_in
 .text._native_popsig
                0x000000000804a02a       0x8e /data/riotbuild/riotproject/bin/native/cpu/irq_cpu.o
                0x000000000804a02a                _native_popsig
 .text.native_irq_handler
                0x000000000804a0b8       0x78 /data/riotbuild/riotproject/bin/native/cpu/irq_cpu.o
                0x000000000804a0b8                native_irq_handler
 .text.isr_set_sigmask
                0x000000000804a130       0x52 /data/riotbuild/riotproject/bin/native/cpu/irq_cpu.o
                0x000000000804a130                isr_set_sigmask
 .text.native_isr_entry
                0x000000000804a182      0x165 /data/riotbuild/riotproject/bin/native/cpu/irq_cpu.o
                0x000000000804a182                native_isr_entry
 .text.set_signal_handler
                0x000000000804a2e7      0x147 /data/riotbuild/riotproject/bin/native/cpu/irq_cpu.o
                0x000000000804a2e7                set_signal_handler
 .text.register_interrupt
                0x000000000804a42e       0x69 /data/riotbuild/riotproject/bin/native/cpu/irq_cpu.o
                0x000000000804a42e                register_interrupt
 .text.unregister_interrupt
                0x000000000804a497       0x67 /data/riotbuild/riotproject/bin/native/cpu/irq_cpu.o
                0x000000000804a497                unregister_interrupt
 .text.native_interrupt_init
                0x000000000804a4fe      0x38f /data/riotbuild/riotproject/bin/native/cpu/irq_cpu.o
                0x000000000804a4fe                native_interrupt_init
 .text.__x86.get_pc_thunk.di
                0x000000000804a88d        0x4 /data/riotbuild/riotproject/bin/native/cpu/irq_cpu.o
                0x000000000804a88d                __x86.get_pc_thunk.di
 .text._native_mod_ctx_leave_sigh
                0x000000000804a891       0x47 /data/riotbuild/riotproject/bin/native/cpu/native_cpu.o
 .text.isr_cpu_switch_context_exit
                0x000000000804a8d8       0x8b /data/riotbuild/riotproject/bin/native/cpu/native_cpu.o
                0x000000000804a8d8                isr_cpu_switch_context_exit
 .text.isr_thread_yield
                0x000000000804a963       0x8b /data/riotbuild/riotproject/bin/native/cpu/native_cpu.o
                0x000000000804a963                isr_thread_yield
 .text.thread_stack_init
                0x000000000804a9ee      0x110 /data/riotbuild/riotproject/bin/native/cpu/native_cpu.o
                0x000000000804a9ee                thread_stack_init
 .text.cpu_switch_context_exit
                0x000000000804aafe       0x9f /data/riotbuild/riotproject/bin/native/cpu/native_cpu.o
                0x000000000804aafe                cpu_switch_context_exit
 .text.thread_yield_higher
                0x000000000804ab9d       0xce /data/riotbuild/riotproject/bin/native/cpu/native_cpu.o
                0x000000000804ab9d                thread_yield_higher
 .text.native_cpu_init
                0x000000000804ac6b       0x9d /data/riotbuild/riotproject/bin/native/cpu/native_cpu.o
                0x000000000804ac6b                native_cpu_init
 .text.panic_arch
                0x000000000804ad08       0x44 /data/riotbuild/riotproject/bin/native/cpu/panic.o
                0x000000000804ad08                panic_arch
 .text._reset_handler
                0x000000000804ad4c       0x37 /data/riotbuild/riotproject/bin/native/cpu/startup.o
 .text.filter_daemonize_argv
                0x000000000804ad83       0x83 /data/riotbuild/riotproject/bin/native/cpu/startup.o
 .text._native_input
                0x000000000804ae06       0x90 /data/riotbuild/riotproject/bin/native/cpu/startup.o
                0x000000000804ae06                _native_input
 .text._native_log_output
                0x000000000804ae96      0x15a /data/riotbuild/riotproject/bin/native/cpu/startup.o
                0x000000000804ae96                _native_log_output
 .text.daemonize
                0x000000000804aff0       0xe3 /data/riotbuild/riotproject/bin/native/cpu/startup.o
                0x000000000804aff0                daemonize
 .text.usage_exit
                0x000000000804b0d3       0x85 /data/riotbuild/riotproject/bin/native/cpu/startup.o
                0x000000000804b0d3                usage_exit
 .text._native_syscall_enter
                0x000000000804b158       0x3d /data/riotbuild/riotproject/bin/native/cpu/syscalls.o
                0x000000000804b158                _native_syscall_enter
 .text.err      0x000000000804b195       0x26 /data/riotbuild/riotproject/bin/native/cpu/syscalls.o
                0x000000000804b195                err
 .text._native_syscall_leave
                0x000000000804b1bb       0xff /data/riotbuild/riotproject/bin/native/cpu/syscalls.o
                0x000000000804b1bb                _native_syscall_leave
 .text.malloc   0x000000000804b2ba       0x9c /data/riotbuild/riotproject/bin/native/cpu/syscalls.o
                0x000000000804b2ba                malloc
 .text.free     0x000000000804b356       0x4f /data/riotbuild/riotproject/bin/native/cpu/syscalls.o
                0x000000000804b356                free
 .text.calloc   0x000000000804b3a5       0xa3 /data/riotbuild/riotproject/bin/native/cpu/syscalls.o
                0x000000000804b3a5                calloc
 .text.realloc  0x000000000804b448       0x5a /data/riotbuild/riotproject/bin/native/cpu/syscalls.o
                0x000000000804b448                realloc
 .text.make_message
                0x000000000804b4a2       0xb4 /data/riotbuild/riotproject/bin/native/cpu/syscalls.o
                0x000000000804b4a2                make_message
 .text._native_read
                0x000000000804b556       0x78 /data/riotbuild/riotproject/bin/native/cpu/syscalls.o
                0x000000000804b556                _native_read
 .text.getc     0x000000000804b5ce       0x5e /data/riotbuild/riotproject/bin/native/cpu/syscalls.o
                0x000000000804b5ce                getc
 .text.getchar  0x000000000804b62c       0x40 /data/riotbuild/riotproject/bin/native/cpu/syscalls.o
                0x000000000804b62c                getchar
 .text.fgetc    0x000000000804b66c       0x31 /data/riotbuild/riotproject/bin/native/cpu/syscalls.o
                0x000000000804b66c                fgetc
 .text._native_write
                0x000000000804b69d       0x7c /data/riotbuild/riotproject/bin/native/cpu/syscalls.o
                0x000000000804b69d                _native_write
 .text.putchar  0x000000000804b719       0x3e /data/riotbuild/riotproject/bin/native/cpu/syscalls.o
                0x000000000804b719                putchar
 .text.putc     0x000000000804b757       0x56 /data/riotbuild/riotproject/bin/native/cpu/syscalls.o
                0x000000000804b757                putc
 .text.puts     0x000000000804b7ad       0x5d /data/riotbuild/riotproject/bin/native/cpu/syscalls.o
                0x000000000804b7ad                puts
 .text.vwarn    0x000000000804b80a      0x10b /data/riotbuild/riotproject/bin/native/cpu/syscalls.o
                0x000000000804b80a                vwarn
 .text.verr     0x000000000804b915       0x36 /data/riotbuild/riotproject/bin/native/cpu/syscalls.o
                0x000000000804b915                verr
 .text.warn     0x000000000804b94b       0x39 /data/riotbuild/riotproject/bin/native/cpu/syscalls.o
                0x000000000804b94b                warn
 .text.vwarnx   0x000000000804b984       0xce /data/riotbuild/riotproject/bin/native/cpu/syscalls.o
                0x000000000804b984                vwarnx
 .text.verrx    0x000000000804ba52       0x36 /data/riotbuild/riotproject/bin/native/cpu/syscalls.o
                0x000000000804ba52                verrx
 .text.warnx    0x000000000804ba88       0x39 /data/riotbuild/riotproject/bin/native/cpu/syscalls.o
                0x000000000804ba88                warnx
 .text.vfprintf
                0x000000000804bac1       0x90 /data/riotbuild/riotproject/bin/native/cpu/syscalls.o
                0x000000000804bac1                vfprintf
 .text.vprintf  0x000000000804bb51       0x48 /data/riotbuild/riotproject/bin/native/cpu/syscalls.o
                0x000000000804bb51                vprintf
 .text.printf   0x000000000804bb99       0x4c /data/riotbuild/riotproject/bin/native/cpu/syscalls.o
                0x000000000804bb99                printf
 .text.fprintf  0x000000000804bbe5       0x3d /data/riotbuild/riotproject/bin/native/cpu/syscalls.o
                0x000000000804bbe5                fprintf
 .text.errx     0x000000000804bc22       0x26 /data/riotbuild/riotproject/bin/native/cpu/syscalls.o
                0x000000000804bc22                errx
 .text.getpid   0x000000000804bc48       0x44 /data/riotbuild/riotproject/bin/native/cpu/syscalls.o
                0x000000000804bc48                getpid
 .text._native_init_syscalls
                0x000000000804bc8c      0x5db /data/riotbuild/riotproject/bin/native/cpu/syscalls.o
                0x000000000804bc8c                _native_init_syscalls
 .text          0x000000000804c267       0x3f /data/riotbuild/riotproject/bin/native/cpu/tramp.o
                0x000000000804c267                _native_sig_leave_tramp
                0x000000000804c295                _native_sig_leave_handler
 .text._native_LED_RED_TOGGLE
                0x000000000804c2a6       0x41 /data/riotbuild/riotproject/bin/native/native_drivers/native-led.o
                0x000000000804c2a6                _native_LED_RED_TOGGLE
 .text.gpio_linux_setup
                0x000000000804c2e7      0x159 /data/riotbuild/riotproject/bin/native/periph/gpio_linux.o
                0x000000000804c2e7                gpio_linux_setup
 .text.gpio_linux_teardown
                0x000000000804c440       0xe4 /data/riotbuild/riotproject/bin/native/periph/gpio_linux.o
                0x000000000804c440                gpio_linux_teardown
 .text.__x86.get_pc_thunk.bp
                0x000000000804c524        0x4 /data/riotbuild/riotproject/bin/native/periph/gpio_linux.o
                0x000000000804c524                __x86.get_pc_thunk.bp
 .text._native_sleep
                0x000000000804c528       0x72 /data/riotbuild/riotproject/bin/native/periph/pm.o
 .text.pm_set_lowest
                0x000000000804c59a       0x2a /data/riotbuild/riotproject/bin/native/periph/pm.o
                0x000000000804c59a                pm_set_lowest
 .text.pm_off   0x000000000804c5c4       0x3b /data/riotbuild/riotproject/bin/native/periph/pm.o
                0x000000000804c5c4                pm_off
 .text.pm_reboot
                0x000000000804c5ff       0x73 /data/riotbuild/riotproject/bin/native/periph/pm.o
                0x000000000804c5ff                pm_reboot
 .text.tty_uart_setup
                0x000000000804c672       0x51 /data/riotbuild/riotproject/bin/native/periph/uart.o
                0x000000000804c672                tty_uart_setup
 .text.periph_init
                0x000000000804c6c3       0x25 /data/riotbuild/riotproject/bin/native/periph_common/init.o
                0x000000000804c6c3                periph_init
 .text.led_init
                0x000000000804c6e8       0x25 /data/riotbuild/riotproject/bin/native/periph_common/init_leds.o
                0x000000000804c6e8                led_init
 .text.stdio_init
                0x000000000804c70d       0x25 /data/riotbuild/riotproject/bin/native/stdio_native/stdio_native.o
                0x000000000804c70d                stdio_init
 .text.stdio_read
                0x000000000804c732       0x45 /data/riotbuild/riotproject/bin/native/stdio_native/stdio_native.o
                0x000000000804c732                stdio_read
 .text.stdio_write
                0x000000000804c777       0x45 /data/riotbuild/riotproject/bin/native/stdio_native/stdio_native.o
                0x000000000804c777                stdio_write
 *fill*         0x000000000804c7bc        0x4 
 .text          0x000000000804c7c0       0x18 /usr/lib/i386-linux-gnu/libc_nonshared.a(stack_chk_fail_local.oS)
                0x000000000804c7c0                __stack_chk_fail_local
 *(.gnu.warning)
LOAD /usr/lib/gcc/x86_64-linux-gnu/11/../../../i386-linux-gnu/crt1.o
LOAD /usr/lib/gcc/x86_64-linux-gnu/11/../../../i386-linux-gnu/crti.o
LOAD /usr/lib/gcc/x86_64-linux-gnu/11/32/crtbegin.o
LOAD /data/riotbuild/riotproject/bin/native/application_my-iot-app/main.o
LOAD /data/riotbuild/riotproject/bin/native/auto_init/auto_init.o
LOAD /data/riotbuild/riotproject/bin/native/board/board_init.o
LOAD /data/riotbuild/riotproject/bin/native/board_common_init/board_common.o
LOAD /data/riotbuild/riotproject/bin/native/core/cond.o
LOAD /data/riotbuild/riotproject/bin/native/core/msg.o
LOAD /data/riotbuild/riotproject/bin/native/core/mutex.o
LOAD /data/riotbuild/riotproject/bin/native/core/sched.o
LOAD /data/riotbuild/riotproject/bin/native/core/thread.o
LOAD /data/riotbuild/riotproject/bin/native/core_lib/assert.o
LOAD /data/riotbuild/riotproject/bin/native/core_lib/atomic_c11.o
LOAD /data/riotbuild/riotproject/bin/native/core_lib/atomic_sync.o
LOAD /data/riotbuild/riotproject/bin/native/core_lib/bitarithm.o
LOAD /data/riotbuild/riotproject/bin/native/core_lib/clist.o
LOAD /data/riotbuild/riotproject/bin/native/core_lib/init.o
LOAD /data/riotbuild/riotproject/bin/native/core_lib/panic.o
LOAD /data/riotbuild/riotproject/bin/native/core_lib/priority_queue.o
LOAD /data/riotbuild/riotproject/bin/native/core_lib/ringbuffer.o
LOAD /data/riotbuild/riotproject/bin/native/core_lib/rmutex.o
LOAD /data/riotbuild/riotproject/bin/native/cpu/async_read.o
LOAD /data/riotbuild/riotproject/bin/native/cpu/irq_cpu.o
LOAD /data/riotbuild/riotproject/bin/native/cpu/native_cpu.o
LOAD /data/riotbuild/riotproject/bin/native/cpu/panic.o
LOAD /data/riotbuild/riotproject/bin/native/cpu/startup.o
LOAD /data/riotbuild/riotproject/bin/native/cpu/syscalls.o
LOAD /data/riotbuild/riotproject/bin/native/cpu/tramp.o
LOAD /data/riotbuild/riotproject/bin/native/libc/string.o
LOAD /data/riotbuild/riotproject/bin/native/native_drivers/native-led.o
LOAD /data/riotbuild/riotproject/bin/native/native_drivers/native-qdec.o
LOAD /data/riotbuild/riotproject/bin/native/periph/gpio_linux.o
LOAD /data/riotbuild/riotproject/bin/native/periph/pm.o
LOAD /data/riotbuild/riotproject/bin/native/periph/timer.o
LOAD /data/riotbuild/riotproject/bin/native/periph/uart.o
LOAD /data/riotbuild/riotproject/bin/native/periph_common/gpio.o
LOAD /data/riotbuild/riotproject/bin/native/periph_common/init.o
LOAD /data/riotbuild/riotproject/bin/native/periph_common/init_leds.o
LOAD /data/riotbuild/riotproject/bin/native/periph_common/pm.o
LOAD /data/riotbuild/riotproject/bin/native/periph_common/timer.o
LOAD /data/riotbuild/riotproject/bin/native/stdio_native/stdio_native.o
LOAD /usr/lib/gcc/x86_64-linux-gnu/11/../../../i386-linux-gnu/libm.so
LOAD /usr/lib/gcc/x86_64-linux-gnu/11/../../../i386-linux-gnu/libdl.a
LOAD /usr/lib/gcc/x86_64-linux-gnu/11/32/libgcc.a
LOAD /usr/lib/gcc/x86_64-linux-gnu/11/32/libgcc_s.so
START GROUP
LOAD /usr/lib/gcc/x86_64-linux-gnu/11/../../../i386-linux-gnu/libgcc_s.so.1
LOAD /usr/lib/gcc/x86_64-linux-gnu/11/32/libgcc.a
END GROUP
LOAD /usr/lib/gcc/x86_64-linux-gnu/11/../../../i386-linux-gnu/libc.so
START GROUP
LOAD /lib/i386-linux-gnu/libc.so.6
LOAD /usr/lib/i386-linux-gnu/libc_nonshared.a
LOAD /lib/ld-linux.so.2
END GROUP
LOAD /usr/lib/gcc/x86_64-linux-gnu/11/32/libgcc.a
LOAD /usr/lib/gcc/x86_64-linux-gnu/11/32/libgcc_s.so
START GROUP
LOAD /usr/lib/gcc/x86_64-linux-gnu/11/../../../i386-linux-gnu/libgcc_s.so.1
LOAD /usr/lib/gcc/x86_64-linux-gnu/11/32/libgcc.a
END GROUP
LOAD /usr/lib/gcc/x86_64-linux-gnu/11/32/crtend.o
LOAD /usr/lib/gcc/x86_64-linux-gnu/11/../../../i386-linux-gnu/crtn.o

.rodata         0x000000000804c7d8        0x0
 *(SORT_BY_NAME(.roxfa.*))
 .roxfa.auto_init_xfa.0_
                0x000000000804c7d8        0x0 /data/riotbuild/riotproject/bin/native/auto_init/auto_init.o
                0x000000000804c7d8                auto_init_xfa
 .roxfa.auto_init_xfa.9_
                0x000000000804c7d8        0x0 /data/riotbuild/riotproject/bin/native/auto_init/auto_init.o
                0x000000000804c7d8                auto_init_xfa_end

.data
 *(SORT_BY_NAME(.xfa.*))

.tm_clone_table
                0x000000000804c7d8        0x0
 .tm_clone_table
                0x000000000804c7d8        0x0 /usr/lib/gcc/x86_64-linux-gnu/11/32/crtbegin.o
 .tm_clone_table
                0x000000000804c7d8        0x0 /usr/lib/gcc/x86_64-linux-gnu/11/32/crtend.o

.fini           0x000000000804c7d8       0x18
 *(SORT_NONE(.fini))
 .fini          0x000000000804c7d8       0x13 /usr/lib/gcc/x86_64-linux-gnu/11/../../../i386-linux-gnu/crti.o
                0x000000000804c7d8                _fini
 .fini          0x000000000804c7eb        0x5 /usr/lib/gcc/x86_64-linux-gnu/11/../../../i386-linux-gnu/crtn.o
                [!provide]                        PROVIDE (__etext = .)
                [!provide]                        PROVIDE (_etext = .)
                [!provide]                        PROVIDE (etext = .)
                0x000000000804d000                . = ALIGN (CONSTANT (MAXPAGESIZE))
                0x000000000804d000                . = SEGMENT_START ("rodata-segment", (ALIGN (CONSTANT (MAXPAGESIZE)) + (. & (CONSTANT (MAXPAGESIZE) - 0x1))))

.rodata         0x000000000804d000      0xdb6
 *(.rodata .rodata.* .gnu.linkonce.r.*)
 .rodata.cst4   0x000000000804d000        0x4 /usr/lib/gcc/x86_64-linux-gnu/11/../../../i386-linux-gnu/crt1.o
                0x000000000804d000                _IO_stdin_used
 .rodata.main.str1.1
                0x000000000804d004        0x6 /data/riotbuild/riotproject/bin/native/application_my-iot-app/main.o
 *fill*         0x000000000804d00a        0x2 
 .rodata.board_init.str1.4
                0x000000000804d00c       0x1f /data/riotbuild/riotproject/bin/native/board/board_init.o
 *fill*         0x000000000804d02b        0x1 
 .rodata._unschedule.str1.4
                0x000000000804d02c       0x2e /data/riotbuild/riotproject/bin/native/core/sched.o
 .rodata._unschedule.str1.1
                0x000000000804d05a        0xf /data/riotbuild/riotproject/bin/native/core/sched.o
 .rodata._assert_failure.str1.1
                0x000000000804d069       0x1c /data/riotbuild/riotproject/bin/native/core_lib/assert.o
 *fill*         0x000000000804d085        0x3 
 .rodata.main_trampoline.str1.4
                0x000000000804d088       0x29 /data/riotbuild/riotproject/bin/native/core_lib/init.o
 .rodata.kernel_init.str1.1
                0x000000000804d0b1        0xa /data/riotbuild/riotproject/bin/native/core_lib/init.o
 .rodata.core_panic.str1.1
                0x000000000804d0bb       0x29 /data/riotbuild/riotproject/bin/native/core_lib/panic.o
 .rodata.irq_disable.str1.1
                0x000000000804d0e4       0x19 /data/riotbuild/riotproject/bin/native/cpu/irq_cpu.o
 .rodata.irq_enable.str1.1
                0x000000000804d0fd       0x35 /data/riotbuild/riotproject/bin/native/cpu/irq_cpu.o
 .rodata._native_popsig.str1.1
                0x000000000804d132       0x1a /data/riotbuild/riotproject/bin/native/cpu/irq_cpu.o
 .rodata.native_irq_handler.str1.4
                0x000000000804d14c       0x6b /data/riotbuild/riotproject/bin/native/cpu/irq_cpu.o
 *fill*         0x000000000804d1b7        0x1 
 .rodata.native_isr_entry.str1.4
                0x000000000804d1b8       0x8a /data/riotbuild/riotproject/bin/native/cpu/irq_cpu.o
 .rodata.set_signal_handler.str1.1
                0x000000000804d242       0x3c /data/riotbuild/riotproject/bin/native/cpu/irq_cpu.o
 *fill*         0x000000000804d27e        0x2 
 .rodata.native_interrupt_init.str1.4
                0x000000000804d280      0x104 /data/riotbuild/riotproject/bin/native/cpu/irq_cpu.o
 .rodata.native_interrupt_init.str1.1
                0x000000000804d384       0x1c /data/riotbuild/riotproject/bin/native/cpu/irq_cpu.o
 .rodata.isr_cpu_switch_context_exit.str1.4
                0x000000000804d3a0       0x50 /data/riotbuild/riotproject/bin/native/cpu/native_cpu.o
 .rodata.isr_thread_yield.str1.1
                0x000000000804d3f0       0x1d /data/riotbuild/riotproject/bin/native/cpu/native_cpu.o
 .rodata.thread_stack_init.str1.1
                0x000000000804d40d       0x1e /data/riotbuild/riotproject/bin/native/cpu/native_cpu.o
 *fill*         0x000000000804d42b        0x1 
 .rodata.thread_stack_init.str1.4
                0x000000000804d42c       0x1f /data/riotbuild/riotproject/bin/native/cpu/native_cpu.o
 *fill*         0x000000000804d44b        0x1 
 .rodata.cpu_switch_context_exit.str1.4
                0x000000000804d44c       0x28 /data/riotbuild/riotproject/bin/native/cpu/native_cpu.o
                                         0x4c (size before relaxing)
 .rodata.thread_yield_higher.str1.4
                0x000000000804d474       0x21 /data/riotbuild/riotproject/bin/native/cpu/native_cpu.o
 .rodata.native_cpu_init.str1.1
                0x000000000804d495       0x1c /data/riotbuild/riotproject/bin/native/cpu/native_cpu.o
 .rodata.filter_daemonize_argv.str1.1
                0x000000000804d4b1        0x3 /data/riotbuild/riotproject/bin/native/cpu/startup.o
 .rodata._native_input.str1.1
                0x000000000804d4b4       0x1a /data/riotbuild/riotproject/bin/native/cpu/startup.o
 *fill*         0x000000000804d4ce        0x2 
 .rodata._native_input.str1.4
                0x000000000804d4d0       0x24 /data/riotbuild/riotproject/bin/native/cpu/startup.o
 .rodata._native_log_output.str1.1
                0x000000000804d4f4       0x4f /data/riotbuild/riotproject/bin/native/cpu/startup.o
                                         0x53 (size before relaxing)
 *fill*         0x000000000804d543        0x1 
 .rodata._native_log_output.str1.4
                0x000000000804d544       0x49 /data/riotbuild/riotproject/bin/native/cpu/startup.o
 .rodata.daemonize.str1.1
                0x000000000804d58d       0x43 /data/riotbuild/riotproject/bin/native/cpu/startup.o
 .rodata.usage_exit.str1.1
                0x000000000804d5d0       0x28 /data/riotbuild/riotproject/bin/native/cpu/startup.o
                                         0x2b (size before relaxing)
 .rodata.usage_exit.str1.4
                0x000000000804d5f8      0x3d4 /data/riotbuild/riotproject/bin/native/cpu/startup.o
 .rodata.startup.str1.4
                0x000000000804d9cc       0x2f /data/riotbuild/riotproject/bin/native/cpu/startup.o
 *fill*         0x000000000804d9fb        0x1 
 .rodata.startup
                0x000000000804d9fc       0xbc /data/riotbuild/riotproject/bin/native/cpu/startup.o
 .rodata.str1.1
                0x000000000804dab8       0x4c /data/riotbuild/riotproject/bin/native/cpu/startup.o
                                         0x4f (size before relaxing)
 .rodata.short_opts
                0x000000000804db04        0xf /data/riotbuild/riotproject/bin/native/cpu/startup.o
 *fill*         0x000000000804db13        0x1 
 .rodata._native_syscall_leave.str1.4
                0x000000000804db14       0x23 /data/riotbuild/riotproject/bin/native/cpu/syscalls.o
 .rodata.malloc.str1.1
                0x000000000804db37        0x7 /data/riotbuild/riotproject/bin/native/cpu/syscalls.o
 .rodata.calloc.str1.1
                0x000000000804db3e        0x7 /data/riotbuild/riotproject/bin/native/cpu/syscalls.o
 .rodata.vwarn.str1.1
                0x000000000804db45        0xb /data/riotbuild/riotproject/bin/native/cpu/syscalls.o
                                          0xd (size before relaxing)
 .rodata.getpid.str1.1
                0x000000000804db50       0x1a /data/riotbuild/riotproject/bin/native/cpu/syscalls.o
 .rodata._native_init_syscalls.str1.1
                0x000000000804db6a      0x17c /data/riotbuild/riotproject/bin/native/cpu/syscalls.o
                                        0x1b1 (size before relaxing)
 .rodata._native_LED_RED_TOGGLE.str1.1
                0x000000000804dce6        0xf /data/riotbuild/riotproject/bin/native/native_drivers/native-led.o
 .rodata.gpio_linux_setup.str1.1
                0x000000000804dcf5       0x43 /data/riotbuild/riotproject/bin/native/periph/gpio_linux.o
 .rodata.gpio_linux_setup.str1.4
                0x000000000804dd38       0x20 /data/riotbuild/riotproject/bin/native/periph/gpio_linux.o
 .rodata.pm_off.str1.1
                0x000000000804dd58       0x11 /data/riotbuild/riotproject/bin/native/periph/pm.o
 .rodata.pm_reboot.str1.1
                0x000000000804dd69       0x21 /data/riotbuild/riotproject/bin/native/periph/pm.o
 *fill*         0x000000000804dd8a        0x2 
 .rodata.pm_reboot.str1.4
                0x000000000804dd8c       0x2a /data/riotbuild/riotproject/bin/native/periph/pm.o

.rodata1
 *(.rodata1)

.eh_frame_hdr   0x000000000804ddb8      0x314
 *(.eh_frame_hdr)
 .eh_frame_hdr  0x000000000804ddb8      0x314 /usr/lib/gcc/x86_64-linux-gnu/11/../../../i386-linux-gnu/crt1.o
                0x000000000804ddb8                __GNU_EH_FRAME_HDR
 *(.eh_frame_entry .eh_frame_entry.*)

.eh_frame       0x000000000804e0cc     0x1a80
 *(.eh_frame)
 .eh_frame      0x000000000804e0cc       0x40 /usr/lib/gcc/x86_64-linux-gnu/11/../../../i386-linux-gnu/crt1.o
                                         0x58 (size before relaxing)
 .eh_frame      0x000000000804e10c       0x24 /usr/lib/gcc/x86_64-linux-gnu/11/../../../i386-linux-gnu/crt1.o
                                         0x40 (size before relaxing)
 .eh_frame      0x000000000804e130        0x0 /usr/lib/gcc/x86_64-linux-gnu/11/../../../i386-linux-gnu/crt1.o
 .eh_frame      0x000000000804e130       0x44 /data/riotbuild/riotproject/bin/native/application_my-iot-app/main.o
                                         0x70 (size before relaxing)
 .eh_frame      0x000000000804e174       0x44 /data/riotbuild/riotproject/bin/native/auto_init/auto_init.o
                                         0x5c (size before relaxing)
 .eh_frame      0x000000000804e1b8       0x2c /data/riotbuild/riotproject/bin/native/board/board_init.o
                                         0x58 (size before relaxing)
 .eh_frame      0x000000000804e1e4        0x0 /data/riotbuild/riotproject/bin/native/board_common_init/board_common.o
                                         0x34 (size before relaxing)
 .eh_frame      0x000000000804e1e4        0x0 /data/riotbuild/riotproject/bin/native/core/cond.o
                                        0x148 (size before relaxing)
 .eh_frame      0x000000000804e1e4       0x14 /data/riotbuild/riotproject/bin/native/core/msg.o
                                        0x5cc (size before relaxing)
 .eh_frame      0x000000000804e1f8        0x0 /data/riotbuild/riotproject/bin/native/core/mutex.o
                                        0x244 (size before relaxing)
 .eh_frame      0x000000000804e1f8       0xf0 /data/riotbuild/riotproject/bin/native/core/sched.o
                                        0x184 (size before relaxing)
 .eh_frame      0x000000000804e2e8       0x98 /data/riotbuild/riotproject/bin/native/core/thread.o
                                        0x2d0 (size before relaxing)
 .eh_frame      0x000000000804e380       0x2c /data/riotbuild/riotproject/bin/native/core_lib/assert.o
                                         0x80 (size before relaxing)
 .eh_frame      0x000000000804e3ac        0x0 /data/riotbuild/riotproject/bin/native/core_lib/atomic_c11.o
                                       0x1378 (size before relaxing)
 .eh_frame      0x000000000804e3ac        0x0 /data/riotbuild/riotproject/bin/native/core_lib/bitarithm.o
                                         0x50 (size before relaxing)
 .eh_frame      0x000000000804e3ac        0x0 /data/riotbuild/riotproject/bin/native/core_lib/clist.o
                                         0x64 (size before relaxing)
 .eh_frame      0x000000000804e3ac       0xb8 /data/riotbuild/riotproject/bin/native/core_lib/init.o
                                         0xe4 (size before relaxing)
 .eh_frame      0x000000000804e464       0x50 /data/riotbuild/riotproject/bin/native/core_lib/panic.o
                                         0x98 (size before relaxing)
 .eh_frame      0x000000000804e4b4        0x0 /data/riotbuild/riotproject/bin/native/core_lib/priority_queue.o
                                         0x9c (size before relaxing)
 .eh_frame      0x000000000804e4b4        0x0 /data/riotbuild/riotproject/bin/native/core_lib/ringbuffer.o
                                        0x1e0 (size before relaxing)
 .eh_frame      0x000000000804e4b4        0x0 /data/riotbuild/riotproject/bin/native/core_lib/rmutex.o
                                        0x100 (size before relaxing)
 .eh_frame      0x000000000804e4b4       0x48 /data/riotbuild/riotproject/bin/native/cpu/async_read.o
                                        0x2dc (size before relaxing)
 .eh_frame      0x000000000804e4fc      0x4f8 /data/riotbuild/riotproject/bin/native/cpu/irq_cpu.o
                                        0x764 (size before relaxing)
 .eh_frame      0x000000000804e9f4      0x1f0 /data/riotbuild/riotproject/bin/native/cpu/native_cpu.o
                                        0x2a8 (size before relaxing)
 .eh_frame      0x000000000804ebe4       0x2c /data/riotbuild/riotproject/bin/native/cpu/panic.o
                                         0x58 (size before relaxing)
 .eh_frame      0x000000000804ec10      0x2f0 /data/riotbuild/riotproject/bin/native/cpu/startup.o
                                        0x330 (size before relaxing)
 .eh_frame      0x000000000804ef00      0x954 /data/riotbuild/riotproject/bin/native/cpu/syscalls.o
                                        0xa04 (size before relaxing)
 .eh_frame      0x000000000804f854        0x0 /data/riotbuild/riotproject/bin/native/libc/string.o
                                         0x64 (size before relaxing)
 .eh_frame      0x000000000804f854       0x2c /data/riotbuild/riotproject/bin/native/native_drivers/native-led.o
                                        0x134 (size before relaxing)
 .eh_frame      0x000000000804f880      0x128 /data/riotbuild/riotproject/bin/native/periph/gpio_linux.o
                                        0x2b0 (size before relaxing)
 .eh_frame      0x000000000804f9a8       0xa8 /data/riotbuild/riotproject/bin/native/periph/pm.o
                                        0x104 (size before relaxing)
 .eh_frame      0x000000000804fa50        0x0 /data/riotbuild/riotproject/bin/native/periph/timer.o
                                        0x2a8 (size before relaxing)
 .eh_frame      0x000000000804fa50       0x38 /data/riotbuild/riotproject/bin/native/periph/uart.o
                                        0x1b0 (size before relaxing)
 .eh_frame      0x000000000804fa88        0x0 /data/riotbuild/riotproject/bin/native/periph_common/gpio.o
                                         0x7c (size before relaxing)
 .eh_frame      0x000000000804fa88       0x1c /data/riotbuild/riotproject/bin/native/periph_common/init.o
                                         0x34 (size before relaxing)
 .eh_frame      0x000000000804faa4       0x1c /data/riotbuild/riotproject/bin/native/periph_common/init_leds.o
                                         0x34 (size before relaxing)
 .eh_frame      0x000000000804fac0       0x6c /data/riotbuild/riotproject/bin/native/stdio_native/stdio_native.o
                                         0x98 (size before relaxing)
 .eh_frame      0x000000000804fb2c       0x1c /usr/lib/i386-linux-gnu/libc_nonshared.a(stack_chk_fail_local.oS)
                                         0x48 (size before relaxing)
 .eh_frame      0x000000000804fb48        0x4 /usr/lib/gcc/x86_64-linux-gnu/11/32/crtend.o
 *(.eh_frame.*)

.gcc_except_table
 *(.gcc_except_table .gcc_except_table.*)

.gnu_extab
 *(.gnu_extab*)

.exception_ranges
 *(.exception_ranges*)
                0x0000000008050e34                . = DATA_SEGMENT_ALIGN (CONSTANT (MAXPAGESIZE), CONSTANT (COMMONPAGESIZE))

.eh_frame
 *(.eh_frame)
 *(.eh_frame.*)

.gnu_extab
 *(.gnu_extab)

.gcc_except_table
 *(.gcc_except_table .gcc_except_table.*)

.exception_ranges
 *(.exception_ranges*)

.tdata          0x0000000008050e34        0x0
                [!provide]                        PROVIDE (__tdata_start = .)
 *(.tdata .tdata.* .gnu.linkonce.td.*)

.tbss
 *(.tbss .tbss.* .gnu.linkonce.tb.*)
 *(.tcommon)

.preinit_array  0x0000000008050e34        0x0
                [!provide]                        PROVIDE (__preinit_array_start = .)
 *(.preinit_array)
                [!provide]                        PROVIDE (__preinit_array_end = .)

.init_array     0x0000000008050e34        0x8
                0x0000000008050e34                PROVIDE (__init_array_start = .)
 *(SORT_BY_INIT_PRIORITY(.init_array.*) SORT_BY_INIT_PRIORITY(.ctors.*))
 *(.init_array EXCLUDE_FILE(*crtend?.o *crtend.o *crtbegin?.o *crtbegin.o) .ctors)
 .init_array    0x0000000008050e34        0x4 /usr/lib/gcc/x86_64-linux-gnu/11/32/crtbegin.o
 .init_array    0x0000000008050e38        0x4 /data/riotbuild/riotproject/bin/native/cpu/startup.o
                0x0000000008050e3c                PROVIDE (__init_array_end = .)

.fini_array     0x0000000008050e3c        0x4
                [!provide]                        PROVIDE (__fini_array_start = .)
 *(SORT_BY_INIT_PRIORITY(.fini_array.*) SORT_BY_INIT_PRIORITY(.dtors.*))
 *(.fini_array EXCLUDE_FILE(*crtend?.o *crtend.o *crtbegin?.o *crtbegin.o) .dtors)
 .fini_array    0x0000000008050e3c        0x4 /usr/lib/gcc/x86_64-linux-gnu/11/32/crtbegin.o
                [!provide]                        PROVIDE (__fini_array_end = .)

.ctors
 *crtbegin.o(.ctors)
 *crtbegin?.o(.ctors)
 *(EXCLUDE_FILE(*crtend?.o *crtend.o) .ctors)
 *(SORT_BY_NAME(.ctors.*))
 *(.ctors)

.dtors
 *crtbegin.o(.dtors)
 *crtbegin?.o(.dtors)
 *(EXCLUDE_FILE(*crtend?.o *crtend.o) .dtors)
 *(SORT_BY_NAME(.dtors.*))
 *(.dtors)

.jcr
 *(.jcr)

.data.rel.ro    0x0000000008050e40       0xa0
 *(.data.rel.ro.local* .gnu.linkonce.d.rel.ro.local.*)
 .data.rel.ro.local.long_opts
                0x0000000008050e40       0xa0 /data/riotbuild/riotproject/bin/native/cpu/startup.o
 *(.data.rel.ro .data.rel.ro.* .gnu.linkonce.d.rel.ro.*)
 .data.rel.ro   0x0000000008050ee0        0x0 /usr/lib/gcc/x86_64-linux-gnu/11/../../../i386-linux-gnu/crt1.o

.dynamic        0x0000000008050ee0       0xe8
 *(.dynamic)
 .dynamic       0x0000000008050ee0       0xe8 /usr/lib/gcc/x86_64-linux-gnu/11/../../../i386-linux-gnu/crt1.o
                0x0000000008050ee0                _DYNAMIC

.got            0x0000000008050fc8       0x1c
 *(.got)
 .got           0x0000000008050fc8       0x1c /usr/lib/gcc/x86_64-linux-gnu/11/../../../i386-linux-gnu/crt1.o
 *(.igot)
                0x0000000008050ff4                . = DATA_SEGMENT_RELRO_END (., (SIZEOF (.got.plt) >= 0xc)?0xc:0x0)

.got.plt        0x0000000008051000       0x78
 *(.got.plt)
 .got.plt       0x0000000008051000       0x78 /usr/lib/gcc/x86_64-linux-gnu/11/../../../i386-linux-gnu/crt1.o
                0x0000000008051000                _GLOBAL_OFFSET_TABLE_
 *(.igot.plt)
 .igot.plt      0x0000000008051078        0x0 /usr/lib/gcc/x86_64-linux-gnu/11/../../../i386-linux-gnu/crt1.o

.data
 *(.data .data.* .gnu.linkonce.d.*)

.data1
 *(.data1)
                0x0000000008051078                _edata = .
                [!provide]                        PROVIDE (edata = .)
                0x0000000008051078                . = .
                0x0000000008051078                __bss_start = .

.bss            0x0000000008051080     0xbae0
 *(.dynbss)
 .dynbss        0x0000000008051080        0x0 /usr/lib/gcc/x86_64-linux-gnu/11/../../../i386-linux-gnu/crt1.o
 *(.bss .bss.* .gnu.linkonce.b.*)
 .bss           0x0000000008051080        0x1 /usr/lib/gcc/x86_64-linux-gnu/11/32/crtbegin.o
 *fill*         0x0000000008051081        0x3 
 .bss.runqueue_bitcache
                0x0000000008051084        0x4 /data/riotbuild/riotproject/bin/native/core/sched.o
 *fill*         0x0000000008051088       0x18 
 .bss.sched_runqueues
                0x00000000080510a0       0x40 /data/riotbuild/riotproject/bin/native/core/sched.o
                0x00000000080510a0                sched_runqueues
 .bss.sched_context_switch_request
                0x00000000080510e0        0x4 /data/riotbuild/riotproject/bin/native/core/sched.o
                0x00000000080510e0                sched_context_switch_request
 .bss.sched_active_thread
                0x00000000080510e4        0x4 /data/riotbuild/riotproject/bin/native/core/sched.o
                0x00000000080510e4                sched_active_thread
 .bss.sched_num_threads
                0x00000000080510e8        0x4 /data/riotbuild/riotproject/bin/native/core/sched.o
                0x00000000080510e8                sched_num_threads
 *fill*         0x00000000080510ec       0x14 
 .bss.sched_threads
                0x0000000008051100       0x84 /data/riotbuild/riotproject/bin/native/core/sched.o
                0x0000000008051100                sched_threads
 .bss.sched_active_pid
                0x0000000008051184        0x2 /data/riotbuild/riotproject/bin/native/core/sched.o
                0x0000000008051184                sched_active_pid
 *fill*         0x0000000008051186       0x1a 
 .bss.idle_stack
                0x00000000080511a0     0x2000 /data/riotbuild/riotproject/bin/native/core_lib/init.o
 .bss.main_stack
                0x00000000080531a0     0x3000 /data/riotbuild/riotproject/bin/native/core_lib/init.o
 .bss.crashed   0x00000000080561a0        0x4 /data/riotbuild/riotproject/bin/native/core_lib/panic.o
 *fill*         0x00000000080561a4       0x1c 
 .bss.pollers   0x00000000080561c0       0x20 /data/riotbuild/riotproject/bin/native/cpu/async_read.o
 .bss._fds      0x00000000080561e0       0x10 /data/riotbuild/riotproject/bin/native/cpu/async_read.o
 .bss._next_index
                0x00000000080561f0        0x4 /data/riotbuild/riotproject/bin/native/cpu/async_read.o
 .bss.sigstk.0  0x00000000080561f4        0xc /data/riotbuild/riotproject/bin/native/cpu/irq_cpu.o
 .bss.sigalt_stk
                0x0000000008056200     0x2000 /data/riotbuild/riotproject/bin/native/cpu/irq_cpu.o
                0x0000000008056200                sigalt_stk
 .bss.native_irq_handlers
                0x0000000008058200      0x3fc /data/riotbuild/riotproject/bin/native/cpu/irq_cpu.o
 .bss._sig_pipefd
                0x00000000080585fc        0x8 /data/riotbuild/riotproject/bin/native/cpu/irq_cpu.o
                0x00000000080585fc                _sig_pipefd
 .bss._native_sigpend
                0x0000000008058604        0x4 /data/riotbuild/riotproject/bin/native/cpu/irq_cpu.o
                0x0000000008058604                _native_sigpend
 .bss._native_saved_eip
                0x0000000008058608        0x4 /data/riotbuild/riotproject/bin/native/cpu/irq_cpu.o
                0x0000000008058608                _native_saved_eip
 .bss._native_isr_ctx
                0x000000000805860c        0x4 /data/riotbuild/riotproject/bin/native/cpu/irq_cpu.o
                0x000000000805860c                _native_isr_ctx
 .bss._native_cur_ctx
                0x0000000008058610        0x4 /data/riotbuild/riotproject/bin/native/cpu/irq_cpu.o
                0x0000000008058610                _native_cur_ctx
 *fill*         0x0000000008058614        0xc 
 .bss.native_isr_context
                0x0000000008058620      0x16c /data/riotbuild/riotproject/bin/native/cpu/irq_cpu.o
                0x0000000008058620                native_isr_context
 *fill*         0x000000000805878c       0x14 
 .bss.__isr_stack
                0x00000000080587a0     0x2000 /data/riotbuild/riotproject/bin/native/cpu/irq_cpu.o
                0x00000000080587a0                __isr_stack
 .bss._native_sig_set_dint
                0x000000000805a7a0       0x80 /data/riotbuild/riotproject/bin/native/cpu/irq_cpu.o
 .bss._native_sig_set
                0x000000000805a820       0x80 /data/riotbuild/riotproject/bin/native/cpu/irq_cpu.o
 .bss._native_in_syscall
                0x000000000805a8a0        0x4 /data/riotbuild/riotproject/bin/native/cpu/irq_cpu.o
                0x000000000805a8a0                _native_in_syscall
 .bss._native_in_isr
                0x000000000805a8a4        0x4 /data/riotbuild/riotproject/bin/native/cpu/irq_cpu.o
                0x000000000805a8a4                _native_in_isr
 .bss.native_interrupts_enabled
                0x000000000805a8a8        0x4 /data/riotbuild/riotproject/bin/native/cpu/irq_cpu.o
                0x000000000805a8a8                native_interrupts_enabled
 *fill*         0x000000000805a8ac       0x14 
 .bss.__end_stack
                0x000000000805a8c0     0x2000 /data/riotbuild/riotproject/bin/native/cpu/native_cpu.o
                0x000000000805a8c0                __end_stack
 .bss.end_context
                0x000000000805c8c0      0x16c /data/riotbuild/riotproject/bin/native/cpu/native_cpu.o
                0x000000000805c8c0                end_context
 .bss._native_rng_mode
                0x000000000805ca2c        0x4 /data/riotbuild/riotproject/bin/native/cpu/startup.o
                0x000000000805ca2c                _native_rng_mode
 .bss._native_rng_seed
                0x000000000805ca30        0x4 /data/riotbuild/riotproject/bin/native/cpu/startup.o
                0x000000000805ca30                _native_rng_seed
 .bss._native_id
                0x000000000805ca34        0x4 /data/riotbuild/riotproject/bin/native/cpu/startup.o
                0x000000000805ca34                _native_id
 .bss._native_pid
                0x000000000805ca38        0x4 /data/riotbuild/riotproject/bin/native/cpu/startup.o
                0x000000000805ca38                _native_pid
 .bss._native_argv
                0x000000000805ca3c        0x4 /data/riotbuild/riotproject/bin/native/cpu/startup.o
                0x000000000805ca3c                _native_argv
 .bss._progname
                0x000000000805ca40        0x4 /data/riotbuild/riotproject/bin/native/cpu/startup.o
                0x000000000805ca40                _progname
 .bss._native_null_out_file
                0x000000000805ca44        0x4 /data/riotbuild/riotproject/bin/native/cpu/startup.o
                0x000000000805ca44                _native_null_out_file
 .bss._native_null_in_pipe
                0x000000000805ca48        0x8 /data/riotbuild/riotproject/bin/native/cpu/startup.o
                0x000000000805ca48                _native_null_in_pipe
 .bss._native_in_calloc
                0x000000000805ca50        0x4 /data/riotbuild/riotproject/bin/native/cpu/syscalls.o
                0x000000000805ca50                _native_in_calloc
 .bss._native_in_malloc
                0x000000000805ca54        0x4 /data/riotbuild/riotproject/bin/native/cpu/syscalls.o
                0x000000000805ca54                _native_in_malloc
 .bss.real_statvfs
                0x000000000805ca58        0x4 /data/riotbuild/riotproject/bin/native/cpu/syscalls.o
                0x000000000805ca58                real_statvfs
 .bss.real_rename
                0x000000000805ca5c        0x4 /data/riotbuild/riotproject/bin/native/cpu/syscalls.o
                0x000000000805ca5c                real_rename
 .bss.real_closedir
                0x000000000805ca60        0x4 /data/riotbuild/riotproject/bin/native/cpu/syscalls.o
                0x000000000805ca60                real_closedir
 .bss.real_readdir
                0x000000000805ca64        0x4 /data/riotbuild/riotproject/bin/native/cpu/syscalls.o
                0x000000000805ca64                real_readdir
 .bss.real_opendir
                0x000000000805ca68        0x4 /data/riotbuild/riotproject/bin/native/cpu/syscalls.o
                0x000000000805ca68                real_opendir
 .bss.real_rmdir
                0x000000000805ca6c        0x4 /data/riotbuild/riotproject/bin/native/cpu/syscalls.o
                0x000000000805ca6c                real_rmdir
 .bss.real_mkdir
                0x000000000805ca70        0x4 /data/riotbuild/riotproject/bin/native/cpu/syscalls.o
                0x000000000805ca70                real_mkdir
 .bss.real_fsync
                0x000000000805ca74        0x4 /data/riotbuild/riotproject/bin/native/cpu/syscalls.o
                0x000000000805ca74                real_fsync
 .bss.real_fstat
                0x000000000805ca78        0x4 /data/riotbuild/riotproject/bin/native/cpu/syscalls.o
                0x000000000805ca78                real_fstat
 .bss.real_lseek
                0x000000000805ca7c        0x4 /data/riotbuild/riotproject/bin/native/cpu/syscalls.o
                0x000000000805ca7c                real_lseek
 .bss.real_send
                0x000000000805ca80        0x4 /data/riotbuild/riotproject/bin/native/cpu/syscalls.o
                0x000000000805ca80                real_send
 .bss.real_writev
                0x000000000805ca84        0x4 /data/riotbuild/riotproject/bin/native/cpu/syscalls.o
                0x000000000805ca84                real_writev
 .bss.real_umask
                0x000000000805ca88        0x4 /data/riotbuild/riotproject/bin/native/cpu/syscalls.o
                0x000000000805ca88                real_umask
 .bss.real_fgetc
                0x000000000805ca8c        0x4 /data/riotbuild/riotproject/bin/native/cpu/syscalls.o
                0x000000000805ca8c                real_fgetc
 .bss.real_fputc
                0x000000000805ca90        0x4 /data/riotbuild/riotproject/bin/native/cpu/syscalls.o
                0x000000000805ca90                real_fputc
 .bss.real_ftell
                0x000000000805ca94        0x4 /data/riotbuild/riotproject/bin/native/cpu/syscalls.o
                0x000000000805ca94                real_ftell
 .bss.real_fseek
                0x000000000805ca98        0x4 /data/riotbuild/riotproject/bin/native/cpu/syscalls.o
                0x000000000805ca98                real_fseek
 .bss.real_fclose
                0x000000000805ca9c        0x4 /data/riotbuild/riotproject/bin/native/cpu/syscalls.o
                0x000000000805ca9c                real_fclose
 .bss.real_fopen
                0x000000000805caa0        0x4 /data/riotbuild/riotproject/bin/native/cpu/syscalls.o
                0x000000000805caa0                real_fopen
 .bss.real_gai_strerror
                0x000000000805caa4        0x4 /data/riotbuild/riotproject/bin/native/cpu/syscalls.o
                0x000000000805caa4                real_gai_strerror
 .bss.real_random
                0x000000000805caa8        0x4 /data/riotbuild/riotproject/bin/native/cpu/syscalls.o
                0x000000000805caa8                real_random
 .bss.real_unlink
                0x000000000805caac        0x4 /data/riotbuild/riotproject/bin/native/cpu/syscalls.o
                0x000000000805caac                real_unlink
 .bss.real_socket
                0x000000000805cab0        0x4 /data/riotbuild/riotproject/bin/native/cpu/syscalls.o
                0x000000000805cab0                real_socket
 .bss.real_setsockopt
                0x000000000805cab4        0x4 /data/riotbuild/riotproject/bin/native/cpu/syscalls.o
                0x000000000805cab4                real_setsockopt
 .bss.real_setsid
                0x000000000805cab8        0x4 /data/riotbuild/riotproject/bin/native/cpu/syscalls.o
                0x000000000805cab8                real_setsid
 .bss.real_setitimer
                0x000000000805cabc        0x4 /data/riotbuild/riotproject/bin/native/cpu/syscalls.o
                0x000000000805cabc                real_setitimer
 .bss.real_poll
                0x000000000805cac0        0x4 /data/riotbuild/riotproject/bin/native/cpu/syscalls.o
                0x000000000805cac0                real_poll
 .bss.real_select
                0x000000000805cac4        0x4 /data/riotbuild/riotproject/bin/native/cpu/syscalls.o
                0x000000000805cac4                real_select
 .bss.real_pipe
                0x000000000805cac8        0x4 /data/riotbuild/riotproject/bin/native/cpu/syscalls.o
                0x000000000805cac8                real_pipe
 .bss.real_pause
                0x000000000805cacc        0x4 /data/riotbuild/riotproject/bin/native/cpu/syscalls.o
                0x000000000805cacc                real_pause
 .bss.real_open
                0x000000000805cad0        0x4 /data/riotbuild/riotproject/bin/native/cpu/syscalls.o
                0x000000000805cad0                real_open
 .bss.real_ioctl
                0x000000000805cad4        0x4 /data/riotbuild/riotproject/bin/native/cpu/syscalls.o
                0x000000000805cad4                real_ioctl
 .bss.real_listen
                0x000000000805cad8        0x4 /data/riotbuild/riotproject/bin/native/cpu/syscalls.o
                0x000000000805cad8                real_listen
 .bss.real_ferror
                0x000000000805cadc        0x4 /data/riotbuild/riotproject/bin/native/cpu/syscalls.o
                0x000000000805cadc                real_ferror
 .bss.real_feof
                0x000000000805cae0        0x4 /data/riotbuild/riotproject/bin/native/cpu/syscalls.o
                0x000000000805cae0                real_feof
 .bss.real_fork
                0x000000000805cae4        0x4 /data/riotbuild/riotproject/bin/native/cpu/syscalls.o
                0x000000000805cae4                real_fork
 .bss.real_execve
                0x000000000805cae8        0x4 /data/riotbuild/riotproject/bin/native/cpu/syscalls.o
                0x000000000805cae8                real_execve
 .bss.real_dup2
                0x000000000805caec        0x4 /data/riotbuild/riotproject/bin/native/cpu/syscalls.o
                0x000000000805caec                real_dup2
 .bss.real_creat
                0x000000000805caf0        0x4 /data/riotbuild/riotproject/bin/native/cpu/syscalls.o
                0x000000000805caf0                real_creat
 .bss.real_fcntl
                0x000000000805caf4        0x4 /data/riotbuild/riotproject/bin/native/cpu/syscalls.o
                0x000000000805caf4                real_fcntl
 .bss.real_close
                0x000000000805caf8        0x4 /data/riotbuild/riotproject/bin/native/cpu/syscalls.o
                0x000000000805caf8                real_close
 .bss.real_chdir
                0x000000000805cafc        0x4 /data/riotbuild/riotproject/bin/native/cpu/syscalls.o
                0x000000000805cafc                real_chdir
 .bss.real_getpid
                0x000000000805cb00        0x4 /data/riotbuild/riotproject/bin/native/cpu/syscalls.o
                0x000000000805cb00                real_getpid
 .bss.real_gettimeofday
                0x000000000805cb04        0x4 /data/riotbuild/riotproject/bin/native/cpu/syscalls.o
                0x000000000805cb04                real_gettimeofday
 .bss.real_getifaddrs
                0x000000000805cb08        0x4 /data/riotbuild/riotproject/bin/native/cpu/syscalls.o
                0x000000000805cb08                real_getifaddrs
 .bss.real_getaddrinfo
                0x000000000805cb0c        0x4 /data/riotbuild/riotproject/bin/native/cpu/syscalls.o
                0x000000000805cb0c                real_getaddrinfo
 .bss.real_printf
                0x000000000805cb10        0x4 /data/riotbuild/riotproject/bin/native/cpu/syscalls.o
                0x000000000805cb10                real_printf
 .bss.real_connect
                0x000000000805cb14        0x4 /data/riotbuild/riotproject/bin/native/cpu/syscalls.o
                0x000000000805cb14                real_connect
 .bss.real_bind
                0x000000000805cb18        0x4 /data/riotbuild/riotproject/bin/native/cpu/syscalls.o
                0x000000000805cb18                real_bind
 .bss.real_accept
                0x000000000805cb1c        0x4 /data/riotbuild/riotproject/bin/native/cpu/syscalls.o
                0x000000000805cb1c                real_accept
 .bss.real_srandom
                0x000000000805cb20        0x4 /data/riotbuild/riotproject/bin/native/cpu/syscalls.o
                0x000000000805cb20                real_srandom
 .bss.real_freeifaddrs
                0x000000000805cb24        0x4 /data/riotbuild/riotproject/bin/native/cpu/syscalls.o
                0x000000000805cb24                real_freeifaddrs
 .bss.real_freeaddrinfo
                0x000000000805cb28        0x4 /data/riotbuild/riotproject/bin/native/cpu/syscalls.o
                0x000000000805cb28                real_freeaddrinfo
 .bss.real_realloc
                0x000000000805cb2c        0x4 /data/riotbuild/riotproject/bin/native/cpu/syscalls.o
                0x000000000805cb2c                real_realloc
 .bss.real_calloc
                0x000000000805cb30        0x4 /data/riotbuild/riotproject/bin/native/cpu/syscalls.o
                0x000000000805cb30                real_calloc
 .bss.real_malloc
                0x000000000805cb34        0x4 /data/riotbuild/riotproject/bin/native/cpu/syscalls.o
                0x000000000805cb34                real_malloc
 .bss.real_free
                0x000000000805cb38        0x4 /data/riotbuild/riotproject/bin/native/cpu/syscalls.o
                0x000000000805cb38                real_free
 .bss.real_exit
                0x000000000805cb3c        0x4 /data/riotbuild/riotproject/bin/native/cpu/syscalls.o
                0x000000000805cb3c                real_exit
 .bss.real_clearerr
                0x000000000805cb40        0x4 /data/riotbuild/riotproject/bin/native/cpu/syscalls.o
                0x000000000805cb40                real_clearerr
 .bss.real_recv
                0x000000000805cb44        0x4 /data/riotbuild/riotproject/bin/native/cpu/syscalls.o
                0x000000000805cb44                real_recv
 .bss.real_fread
                0x000000000805cb48        0x4 /data/riotbuild/riotproject/bin/native/cpu/syscalls.o
                0x000000000805cb48                real_fread
 .bss.real_write
                0x000000000805cb4c        0x4 /data/riotbuild/riotproject/bin/native/cpu/syscalls.o
                0x000000000805cb4c                real_write
 .bss.real_read
                0x000000000805cb50        0x4 /data/riotbuild/riotproject/bin/native/cpu/syscalls.o
                0x000000000805cb50                real_read
 .bss.port_numof
                0x000000000805cb54        0x4 /data/riotbuild/riotproject/bin/native/periph/gpio_linux.o
 .bss.ports     0x000000000805cb58        0x4 /data/riotbuild/riotproject/bin/native/periph/gpio_linux.o
 .bss.tty_device_filenames
                0x000000000805cb5c        0x4 /data/riotbuild/riotproject/bin/native/periph/uart.o
 *(COMMON)
                0x000000000805cb60                . = ALIGN ((. != 0x0)?0x4:0x1)
                0x000000000805cb60                . = ALIGN (0x4)
                0x000000000805cb60                . = SEGMENT_START ("ldata-segment", .)
                0x000000000805cb60                . = ALIGN (0x4)
                0x000000000805cb60                _end = .
                [!provide]                        PROVIDE (end = .)
                0x000000000805cb60                . = DATA_SEGMENT_END (.)

.stab
 *(.stab)

.stabstr
 *(.stabstr)

.stab.excl
 *(.stab.excl)

.stab.exclstr
 *(.stab.exclstr)

.stab.index
 *(.stab.index)

.stab.indexstr
 *(.stab.indexstr)

.comment        0x0000000000000000       0x2b
 *(.comment)
 .comment       0x0000000000000000       0x2b /usr/lib/gcc/x86_64-linux-gnu/11/32/crtbegin.o
                                         0x2c (size before relaxing)
 .comment       0x000000000000002b       0x2c /data/riotbuild/riotproject/bin/native/application_my-iot-app/main.o
 .comment       0x000000000000002b       0x2c /data/riotbuild/riotproject/bin/native/auto_init/auto_init.o
 .comment       0x000000000000002b       0x2c /data/riotbuild/riotproject/bin/native/board/board_init.o
 .comment       0x000000000000002b       0x2c /data/riotbuild/riotproject/bin/native/board_common_init/board_common.o
 .comment       0x000000000000002b       0x2c /data/riotbuild/riotproject/bin/native/core/cond.o
 .comment       0x000000000000002b       0x2c /data/riotbuild/riotproject/bin/native/core/msg.o
 .comment       0x000000000000002b       0x2c /data/riotbuild/riotproject/bin/native/core/mutex.o
 .comment       0x000000000000002b       0x2c /data/riotbuild/riotproject/bin/native/core/sched.o
 .comment       0x000000000000002b       0x2c /data/riotbuild/riotproject/bin/native/core/thread.o
 .comment       0x000000000000002b       0x2c /data/riotbuild/riotproject/bin/native/core_lib/assert.o
 .comment       0x000000000000002b       0x2c /data/riotbuild/riotproject/bin/native/core_lib/atomic_c11.o
 .comment       0x000000000000002b       0x2c /data/riotbuild/riotproject/bin/native/core_lib/bitarithm.o
 .comment       0x000000000000002b       0x2c /data/riotbuild/riotproject/bin/native/core_lib/clist.o
 .comment       0x000000000000002b       0x2c /data/riotbuild/riotproject/bin/native/core_lib/init.o
 .comment       0x000000000000002b       0x2c /data/riotbuild/riotproject/bin/native/core_lib/panic.o
 .comment       0x000000000000002b       0x2c /data/riotbuild/riotproject/bin/native/core_lib/priority_queue.o
 .comment       0x000000000000002b       0x2c /data/riotbuild/riotproject/bin/native/core_lib/ringbuffer.o
 .comment       0x000000000000002b       0x2c /data/riotbuild/riotproject/bin/native/core_lib/rmutex.o
 .comment       0x000000000000002b       0x2c /data/riotbuild/riotproject/bin/native/cpu/async_read.o
 .comment       0x000000000000002b       0x2c /data/riotbuild/riotproject/bin/native/cpu/irq_cpu.o
 .comment       0x000000000000002b       0x2c /data/riotbuild/riotproject/bin/native/cpu/native_cpu.o
 .comment       0x000000000000002b       0x2c /data/riotbuild/riotproject/bin/native/cpu/panic.o
 .comment       0x000000000000002b       0x2c /data/riotbuild/riotproject/bin/native/cpu/startup.o
 .comment       0x000000000000002b       0x2c /data/riotbuild/riotproject/bin/native/cpu/syscalls.o
 .comment       0x000000000000002b       0x2c /data/riotbuild/riotproject/bin/native/libc/string.o
 .comment       0x000000000000002b       0x2c /data/riotbuild/riotproject/bin/native/native_drivers/native-led.o
 .comment       0x000000000000002b       0x2c /data/riotbuild/riotproject/bin/native/periph/gpio_linux.o
 .comment       0x000000000000002b       0x2c /data/riotbuild/riotproject/bin/native/periph/pm.o
 .comment       0x000000000000002b       0x2c /data/riotbuild/riotproject/bin/native/periph/timer.o
 .comment       0x000000000000002b       0x2c /data/riotbuild/riotproject/bin/native/periph/uart.o
 .comment       0x000000000000002b       0x2c /data/riotbuild/riotproject/bin/native/periph_common/gpio.o
 .comment       0x000000000000002b       0x2c /data/riotbuild/riotproject/bin/native/periph_common/init.o
 .comment       0x000000000000002b       0x2c /data/riotbuild/riotproject/bin/native/periph_common/init_leds.o
 .comment       0x000000000000002b       0x2c /data/riotbuild/riotproject/bin/native/stdio_native/stdio_native.o
 .comment       0x000000000000002b       0x2c /usr/lib/gcc/x86_64-linux-gnu/11/32/crtend.o

.gnu.build.attributes
 *(.gnu.build.attributes .gnu.build.attributes.*)

.debug
 *(.debug)

.line
 *(.line)

.debug_srcinfo
 *(.debug_srcinfo)

.debug_sfnames
 *(.debug_sfnames)

.debug_aranges  0x0000000000000000      0xbb8
 *(.debug_aranges)
 .debug_aranges
                0x0000000000000000       0x28 /data/riotbuild/riotproject/bin/native/application_my-iot-app/main.o
 .debug_aranges
                0x0000000000000028       0x20 /data/riotbuild/riotproject/bin/native/auto_init/auto_init.o
 .debug_aranges
                0x0000000000000048       0x20 /data/riotbuild/riotproject/bin/native/board/board_init.o
 .debug_aranges
                0x0000000000000068       0x20 /data/riotbuild/riotproject/bin/native/board_common_init/board_common.o
 .debug_aranges
                0x0000000000000088       0x40 /data/riotbuild/riotproject/bin/native/core/cond.o
 .debug_aranges
                0x00000000000000c8       0xb8 /data/riotbuild/riotproject/bin/native/core/msg.o
 .debug_aranges
                0x0000000000000180       0x40 /data/riotbuild/riotproject/bin/native/core/mutex.o
 .debug_aranges
                0x00000000000001c0       0x48 /data/riotbuild/riotproject/bin/native/core/sched.o
 .debug_aranges
                0x0000000000000208       0x70 /data/riotbuild/riotproject/bin/native/core/thread.o
 .debug_aranges
                0x0000000000000278       0x28 /data/riotbuild/riotproject/bin/native/core_lib/assert.o
 .debug_aranges
                0x00000000000002a0      0x240 /data/riotbuild/riotproject/bin/native/core_lib/atomic_c11.o
 .debug_aranges
                0x00000000000004e0       0x28 /data/riotbuild/riotproject/bin/native/core_lib/bitarithm.o
 .debug_aranges
                0x0000000000000508       0x20 /data/riotbuild/riotproject/bin/native/core_lib/clist.o
 .debug_aranges
                0x0000000000000528       0x38 /data/riotbuild/riotproject/bin/native/core_lib/init.o
 .debug_aranges
                0x0000000000000560       0x30 /data/riotbuild/riotproject/bin/native/core_lib/panic.o
 .debug_aranges
                0x0000000000000590       0x30 /data/riotbuild/riotproject/bin/native/core_lib/priority_queue.o
 .debug_aranges
                0x00000000000005c0       0x60 /data/riotbuild/riotproject/bin/native/core_lib/ringbuffer.o
 .debug_aranges
                0x0000000000000620       0x38 /data/riotbuild/riotproject/bin/native/core_lib/rmutex.o
 .debug_aranges
                0x0000000000000658       0x58 /data/riotbuild/riotproject/bin/native/cpu/async_read.o
 .debug_aranges
                0x00000000000006b0       0xb0 /data/riotbuild/riotproject/bin/native/cpu/irq_cpu.o
 .debug_aranges
                0x0000000000000760       0x68 /data/riotbuild/riotproject/bin/native/cpu/native_cpu.o
 .debug_aranges
                0x00000000000007c8       0x20 /data/riotbuild/riotproject/bin/native/cpu/panic.o
 .debug_aranges
                0x00000000000007e8       0x50 /data/riotbuild/riotproject/bin/native/cpu/startup.o
 .debug_aranges
                0x0000000000000838      0x108 /data/riotbuild/riotproject/bin/native/cpu/syscalls.o
 .debug_aranges
                0x0000000000000940       0x20 /data/riotbuild/riotproject/bin/native/cpu/tramp.o
 .debug_aranges
                0x0000000000000960       0x28 /data/riotbuild/riotproject/bin/native/libc/string.o
 .debug_aranges
                0x0000000000000988       0x48 /data/riotbuild/riotproject/bin/native/native_drivers/native-led.o
 .debug_aranges
                0x00000000000009d0       0x60 /data/riotbuild/riotproject/bin/native/periph/gpio_linux.o
 .debug_aranges
                0x0000000000000a30       0x40 /data/riotbuild/riotproject/bin/native/periph/pm.o
 .debug_aranges
                0x0000000000000a70       0x70 /data/riotbuild/riotproject/bin/native/periph/timer.o
 .debug_aranges
                0x0000000000000ae0       0x48 /data/riotbuild/riotproject/bin/native/periph/uart.o
 .debug_aranges
                0x0000000000000b28       0x20 /data/riotbuild/riotproject/bin/native/periph_common/gpio.o
 .debug_aranges
                0x0000000000000b48       0x20 /data/riotbuild/riotproject/bin/native/periph_common/init.o
 .debug_aranges
                0x0000000000000b68       0x20 /data/riotbuild/riotproject/bin/native/periph_common/init_leds.o
 .debug_aranges
                0x0000000000000b88       0x30 /data/riotbuild/riotproject/bin/native/stdio_native/stdio_native.o

.debug_pubnames
 *(.debug_pubnames)

.debug_info     0x0000000000000000    0x118ed
 *(.debug_info .gnu.linkonce.wi.*)
 .debug_info    0x0000000000000000      0x16e /data/riotbuild/riotproject/bin/native/application_my-iot-app/main.o
 .debug_info    0x000000000000016e      0x19b /data/riotbuild/riotproject/bin/native/auto_init/auto_init.o
 .debug_info    0x0000000000000309       0xcc /data/riotbuild/riotproject/bin/native/board/board_init.o
 .debug_info    0x00000000000003d5       0xaf /data/riotbuild/riotproject/bin/native/board_common_init/board_common.o
 .debug_info    0x0000000000000484      0x713 /data/riotbuild/riotproject/bin/native/core/cond.o
 .debug_info    0x0000000000000b97     0x1788 /data/riotbuild/riotproject/bin/native/core/msg.o
 .debug_info    0x000000000000231f      0x9e2 /data/riotbuild/riotproject/bin/native/core/mutex.o
 .debug_info    0x0000000000002d01      0xbc5 /data/riotbuild/riotproject/bin/native/core/sched.o
 .debug_info    0x00000000000038c6      0xd2b /data/riotbuild/riotproject/bin/native/core/thread.o
 .debug_info    0x00000000000045f1      0x1a7 /data/riotbuild/riotproject/bin/native/core_lib/assert.o
 .debug_info    0x0000000000004798     0x24b5 /data/riotbuild/riotproject/bin/native/core_lib/atomic_c11.o
 .debug_info    0x0000000000006c4d      0x169 /data/riotbuild/riotproject/bin/native/core_lib/bitarithm.o
 .debug_info    0x0000000000006db6      0x1d5 /data/riotbuild/riotproject/bin/native/core_lib/clist.o
 .debug_info    0x0000000000006f8b      0x30b /data/riotbuild/riotproject/bin/native/core_lib/init.o
 .debug_info    0x0000000000007296      0x224 /data/riotbuild/riotproject/bin/native/core_lib/panic.o
 .debug_info    0x00000000000074ba      0x228 /data/riotbuild/riotproject/bin/native/core_lib/priority_queue.o
 .debug_info    0x00000000000076e2      0x4e3 /data/riotbuild/riotproject/bin/native/core_lib/ringbuffer.o
 .debug_info    0x0000000000007bc5      0x61c /data/riotbuild/riotproject/bin/native/core_lib/rmutex.o
 .debug_info    0x00000000000081e1      0x845 /data/riotbuild/riotproject/bin/native/cpu/async_read.o
 .debug_info    0x0000000000008a26     0x17ee /data/riotbuild/riotproject/bin/native/cpu/irq_cpu.o
 .debug_info    0x000000000000a214      0xd8c /data/riotbuild/riotproject/bin/native/cpu/native_cpu.o
 .debug_info    0x000000000000afa0      0x269 /data/riotbuild/riotproject/bin/native/cpu/panic.o
 .debug_info    0x000000000000b209      0xed0 /data/riotbuild/riotproject/bin/native/cpu/startup.o
 .debug_info    0x000000000000c0d9     0x2f4f /data/riotbuild/riotproject/bin/native/cpu/syscalls.o
 .debug_info    0x000000000000f028       0x24 /data/riotbuild/riotproject/bin/native/cpu/tramp.o
 .debug_info    0x000000000000f04c      0x1c7 /data/riotbuild/riotproject/bin/native/libc/string.o
 .debug_info    0x000000000000f213      0x176 /data/riotbuild/riotproject/bin/native/native_drivers/native-led.o
 .debug_info    0x000000000000f389      0xb48 /data/riotbuild/riotproject/bin/native/periph/gpio_linux.o
 .debug_info    0x000000000000fed1      0x3ef /data/riotbuild/riotproject/bin/native/periph/pm.o
 .debug_info    0x00000000000102c0      0x869 /data/riotbuild/riotproject/bin/native/periph/timer.o
 .debug_info    0x0000000000010b29      0x7d6 /data/riotbuild/riotproject/bin/native/periph/uart.o
 .debug_info    0x00000000000112ff      0x164 /data/riotbuild/riotproject/bin/native/periph_common/gpio.o
 .debug_info    0x0000000000011463       0xbd /data/riotbuild/riotproject/bin/native/periph_common/init.o
 .debug_info    0x0000000000011520       0xaf /data/riotbuild/riotproject/bin/native/periph_common/init_leds.o
 .debug_info    0x00000000000115cf      0x31e /data/riotbuild/riotproject/bin/native/stdio_native/stdio_native.o

.debug_abbrev   0x0000000000000000     0x4612
 *(.debug_abbrev)
 .debug_abbrev  0x0000000000000000      0x118 /data/riotbuild/riotproject/bin/native/application_my-iot-app/main.o
 .debug_abbrev  0x0000000000000118      0x137 /data/riotbuild/riotproject/bin/native/auto_init/auto_init.o
 .debug_abbrev  0x000000000000024f       0x8b /data/riotbuild/riotproject/bin/native/board/board_init.o
 .debug_abbrev  0x00000000000002da       0x5d /data/riotbuild/riotproject/bin/native/board_common_init/board_common.o
 .debug_abbrev  0x0000000000000337      0x2c9 /data/riotbuild/riotproject/bin/native/core/cond.o
 .debug_abbrev  0x0000000000000600      0x4e9 /data/riotbuild/riotproject/bin/native/core/msg.o
 .debug_abbrev  0x0000000000000ae9      0x353 /data/riotbuild/riotproject/bin/native/core/mutex.o
 .debug_abbrev  0x0000000000000e3c      0x41e /data/riotbuild/riotproject/bin/native/core/sched.o
 .debug_abbrev  0x000000000000125a      0x3f2 /data/riotbuild/riotproject/bin/native/core/thread.o
 .debug_abbrev  0x000000000000164c      0x107 /data/riotbuild/riotproject/bin/native/core_lib/assert.o
 .debug_abbrev  0x0000000000001753      0x22e /data/riotbuild/riotproject/bin/native/core_lib/atomic_c11.o
 .debug_abbrev  0x0000000000001981       0xe9 /data/riotbuild/riotproject/bin/native/core_lib/bitarithm.o
 .debug_abbrev  0x0000000000001a6a      0x11f /data/riotbuild/riotproject/bin/native/core_lib/clist.o
 .debug_abbrev  0x0000000000001b89      0x1a2 /data/riotbuild/riotproject/bin/native/core_lib/init.o
 .debug_abbrev  0x0000000000001d2b      0x139 /data/riotbuild/riotproject/bin/native/core_lib/panic.o
 .debug_abbrev  0x0000000000001e64      0x115 /data/riotbuild/riotproject/bin/native/core_lib/priority_queue.o
 .debug_abbrev  0x0000000000001f79      0x1fa /data/riotbuild/riotproject/bin/native/core_lib/ringbuffer.o
 .debug_abbrev  0x0000000000002173      0x273 /data/riotbuild/riotproject/bin/native/core_lib/rmutex.o
 .debug_abbrev  0x00000000000023e6      0x26c /data/riotbuild/riotproject/bin/native/cpu/async_read.o
 .debug_abbrev  0x0000000000002652      0x4b2 /data/riotbuild/riotproject/bin/native/cpu/irq_cpu.o
 .debug_abbrev  0x0000000000002b04      0x3d2 /data/riotbuild/riotproject/bin/native/cpu/native_cpu.o
 .debug_abbrev  0x0000000000002ed6       0xfa /data/riotbuild/riotproject/bin/native/cpu/panic.o
 .debug_abbrev  0x0000000000002fd0      0x3c8 /data/riotbuild/riotproject/bin/native/cpu/startup.o
 .debug_abbrev  0x0000000000003398      0x4d9 /data/riotbuild/riotproject/bin/native/cpu/syscalls.o
 .debug_abbrev  0x0000000000003871       0x14 /data/riotbuild/riotproject/bin/native/cpu/tramp.o
 .debug_abbrev  0x0000000000003885      0x107 /data/riotbuild/riotproject/bin/native/libc/string.o
 .debug_abbrev  0x000000000000398c       0x70 /data/riotbuild/riotproject/bin/native/native_drivers/native-led.o
 .debug_abbrev  0x00000000000039fc      0x2c6 /data/riotbuild/riotproject/bin/native/periph/gpio_linux.o
 .debug_abbrev  0x0000000000003cc2      0x1b3 /data/riotbuild/riotproject/bin/native/periph/pm.o
 .debug_abbrev  0x0000000000003e75      0x26b /data/riotbuild/riotproject/bin/native/periph/timer.o
 .debug_abbrev  0x00000000000040e0      0x249 /data/riotbuild/riotproject/bin/native/periph/uart.o
 .debug_abbrev  0x0000000000004329       0xe7 /data/riotbuild/riotproject/bin/native/periph_common/gpio.o
 .debug_abbrev  0x0000000000004410       0x77 /data/riotbuild/riotproject/bin/native/periph_common/init.o
 .debug_abbrev  0x0000000000004487       0x5d /data/riotbuild/riotproject/bin/native/periph_common/init_leds.o
 .debug_abbrev  0x00000000000044e4      0x12e /data/riotbuild/riotproject/bin/native/stdio_native/stdio_native.o

.debug_line     0x0000000000000000     0xab8d
 *(.debug_line .debug_line.* .debug_line_end)
 .debug_line    0x0000000000000000      0x2c1 /data/riotbuild/riotproject/bin/native/application_my-iot-app/main.o
 .debug_line    0x00000000000002c1      0x210 /data/riotbuild/riotproject/bin/native/auto_init/auto_init.o
 .debug_line    0x00000000000004d1      0x1d7 /data/riotbuild/riotproject/bin/native/board/board_init.o
 .debug_line    0x00000000000006a8      0x1af /data/riotbuild/riotproject/bin/native/board_common_init/board_common.o
 .debug_line    0x0000000000000857      0x2ce /data/riotbuild/riotproject/bin/native/core/cond.o
 .debug_line    0x0000000000000b25      0xf8c /data/riotbuild/riotproject/bin/native/core/msg.o
 .debug_line    0x0000000000001ab1      0x59a /data/riotbuild/riotproject/bin/native/core/mutex.o
 .debug_line    0x000000000000204b      0x69e /data/riotbuild/riotproject/bin/native/core/sched.o
 .debug_line    0x00000000000026e9      0x827 /data/riotbuild/riotproject/bin/native/core/thread.o
 .debug_line    0x0000000000002f10      0x1b6 /data/riotbuild/riotproject/bin/native/core_lib/assert.o
 .debug_line    0x00000000000030c6      0xb4c /data/riotbuild/riotproject/bin/native/core_lib/atomic_c11.o
 .debug_line    0x0000000000003c12      0x246 /data/riotbuild/riotproject/bin/native/core_lib/bitarithm.o
 .debug_line    0x0000000000003e58      0x23e /data/riotbuild/riotproject/bin/native/core_lib/clist.o
 .debug_line    0x0000000000004096      0x2fe /data/riotbuild/riotproject/bin/native/core_lib/init.o
 .debug_line    0x0000000000004394      0x23e /data/riotbuild/riotproject/bin/native/core_lib/panic.o
 .debug_line    0x00000000000045d2      0x250 /data/riotbuild/riotproject/bin/native/core_lib/priority_queue.o
 .debug_line    0x0000000000004822      0x36d /data/riotbuild/riotproject/bin/native/core_lib/ringbuffer.o
 .debug_line    0x0000000000004b8f      0x527 /data/riotbuild/riotproject/bin/native/core_lib/rmutex.o
 .debug_line    0x00000000000050b6      0x600 /data/riotbuild/riotproject/bin/native/cpu/async_read.o
 .debug_line    0x00000000000056b6      0xbe3 /data/riotbuild/riotproject/bin/native/cpu/irq_cpu.o
 .debug_line    0x0000000000006299      0x76f /data/riotbuild/riotproject/bin/native/cpu/native_cpu.o
 .debug_line    0x0000000000006a08      0x367 /data/riotbuild/riotproject/bin/native/cpu/panic.o
 .debug_line    0x0000000000006d6f      0x963 /data/riotbuild/riotproject/bin/native/cpu/startup.o
 .debug_line    0x00000000000076d2      0xdb8 /data/riotbuild/riotproject/bin/native/cpu/syscalls.o
 .debug_line    0x000000000000848a       0x58 /data/riotbuild/riotproject/bin/native/cpu/tramp.o
 .debug_line    0x00000000000084e2      0x224 /data/riotbuild/riotproject/bin/native/libc/string.o
 .debug_line    0x0000000000008706      0x25d /data/riotbuild/riotproject/bin/native/native_drivers/native-led.o
 .debug_line    0x0000000000008963      0x735 /data/riotbuild/riotproject/bin/native/periph/gpio_linux.o
 .debug_line    0x0000000000009098      0x4d9 /data/riotbuild/riotproject/bin/native/periph/pm.o
 .debug_line    0x0000000000009571      0x6be /data/riotbuild/riotproject/bin/native/periph/timer.o
 .debug_line    0x0000000000009c2f      0x6d4 /data/riotbuild/riotproject/bin/native/periph/uart.o
 .debug_line    0x000000000000a303      0x1c2 /data/riotbuild/riotproject/bin/native/periph_common/gpio.o
 .debug_line    0x000000000000a4c5      0x169 /data/riotbuild/riotproject/bin/native/periph_common/init.o
 .debug_line    0x000000000000a62e      0x1b5 /data/riotbuild/riotproject/bin/native/periph_common/init_leds.o
 .debug_line    0x000000000000a7e3      0x3aa /data/riotbuild/riotproject/bin/native/stdio_native/stdio_native.o

.debug_frame
 *(.debug_frame)

.debug_str      0x0000000000000000    0x625f5
 *(.debug_str)
 .debug_str     0x0000000000000000     0xa536 /data/riotbuild/riotproject/bin/native/application_my-iot-app/main.o
                                       0xa875 (size before relaxing)
 .debug_str     0x000000000000a536    0x44e2e /data/riotbuild/riotproject/bin/native/auto_init/auto_init.o
                                      0x4d20e (size before relaxing)
 .debug_str     0x000000000004f364       0x6d /data/riotbuild/riotproject/bin/native/board/board_init.o
                                       0x87a8 (size before relaxing)
 .debug_str     0x000000000004f3d1       0x59 /data/riotbuild/riotproject/bin/native/board_common_init/board_common.o
                                       0x8320 (size before relaxing)
 .debug_str     0x000000000004f42a      0x32c /data/riotbuild/riotproject/bin/native/core/cond.o
                                       0x8a7e (size before relaxing)
 .debug_str     0x000000000004f756      0x327 /data/riotbuild/riotproject/bin/native/core/msg.o
                                       0x8c67 (size before relaxing)
 .debug_str     0x000000000004fa7d      0x756 /data/riotbuild/riotproject/bin/native/core/mutex.o
                                       0x9141 (size before relaxing)
 .debug_str     0x00000000000501d3      0x6b2 /data/riotbuild/riotproject/bin/native/core/sched.o
                                       0x9036 (size before relaxing)
 .debug_str     0x0000000000050885      0x210 /data/riotbuild/riotproject/bin/native/core/thread.o
                                       0x94c0 (size before relaxing)
 .debug_str     0x0000000000050a95       0x7d /data/riotbuild/riotproject/bin/native/core_lib/assert.o
                                       0x8722 (size before relaxing)
 .debug_str     0x0000000000050b12     0x2ec1 /data/riotbuild/riotproject/bin/native/core_lib/atomic_c11.o
                                       0x8fd7 (size before relaxing)
 .debug_str     0x00000000000539d3       0xa9 /data/riotbuild/riotproject/bin/native/core_lib/bitarithm.o
                                       0x6af4 (size before relaxing)
 .debug_str     0x0000000000053a7c       0x81 /data/riotbuild/riotproject/bin/native/core_lib/clist.o
                                       0x32c5 (size before relaxing)
 .debug_str     0x0000000000053afd     0x3abc /data/riotbuild/riotproject/bin/native/core_lib/init.o
                                       0xde94 (size before relaxing)
 .debug_str     0x00000000000575b9       0x70 /data/riotbuild/riotproject/bin/native/core_lib/panic.o
                                       0x8877 (size before relaxing)
 .debug_str     0x0000000000057629      0x13c /data/riotbuild/riotproject/bin/native/core_lib/priority_queue.o
                                       0x875a (size before relaxing)
 .debug_str     0x0000000000057765      0x154 /data/riotbuild/riotproject/bin/native/core_lib/ringbuffer.o
                                       0x4cce (size before relaxing)
 .debug_str     0x00000000000578b9      0x48f /data/riotbuild/riotproject/bin/native/core_lib/rmutex.o
                                       0xa124 (size before relaxing)
 .debug_str     0x0000000000057d48     0x5ebb /data/riotbuild/riotproject/bin/native/cpu/async_read.o
                                      0x12fb4 (size before relaxing)
 .debug_str     0x000000000005dc03      0x652 /data/riotbuild/riotproject/bin/native/cpu/irq_cpu.o
                                      0x14f7f (size before relaxing)
 .debug_str     0x000000000005e255      0x15d /data/riotbuild/riotproject/bin/native/cpu/native_cpu.o
                                      0x13930 (size before relaxing)
 .debug_str     0x000000000005e3b2       0x28 /data/riotbuild/riotproject/bin/native/cpu/panic.o
                                      0x123b4 (size before relaxing)
 .debug_str     0x000000000005e3da     0x26dd /data/riotbuild/riotproject/bin/native/cpu/startup.o
                                      0x17e87 (size before relaxing)
 .debug_str     0x0000000000060ab7      0x7bd /data/riotbuild/riotproject/bin/native/cpu/syscalls.o
                                      0x170f3 (size before relaxing)
 .debug_str     0x0000000000061274       0x5c /data/riotbuild/riotproject/bin/native/cpu/tramp.o
 .debug_str     0x00000000000612d0       0x62 /data/riotbuild/riotproject/bin/native/libc/string.o
                                       0x6f0f (size before relaxing)
 .debug_str     0x0000000000061332       0xc3 /data/riotbuild/riotproject/bin/native/native_drivers/native-led.o
                                       0x8824 (size before relaxing)
 .debug_str     0x00000000000613f5      0x1e9 /data/riotbuild/riotproject/bin/native/periph/gpio_linux.o
                                      0x16f4c (size before relaxing)
 .debug_str     0x00000000000615de       0x59 /data/riotbuild/riotproject/bin/native/periph/pm.o
                                      0x11773 (size before relaxing)
 .debug_str     0x0000000000061637      0x1e4 /data/riotbuild/riotproject/bin/native/periph/timer.o
                                      0x1127a (size before relaxing)
 .debug_str     0x000000000006181b      0xbc5 /data/riotbuild/riotproject/bin/native/periph/uart.o
                                      0x128c9 (size before relaxing)
 .debug_str     0x00000000000623e0       0x76 /data/riotbuild/riotproject/bin/native/periph_common/gpio.o
                                       0x788e (size before relaxing)
 .debug_str     0x0000000000062456       0x5b /data/riotbuild/riotproject/bin/native/periph_common/init.o
                                       0x76e2 (size before relaxing)
 .debug_str     0x00000000000624b1       0xd7 /data/riotbuild/riotproject/bin/native/periph_common/init_leds.o
                                       0x839c (size before relaxing)
 .debug_str     0x0000000000062588       0x6d /data/riotbuild/riotproject/bin/native/stdio_native/stdio_native.o
                                      0x12412 (size before relaxing)

.debug_loc
 *(.debug_loc)

.debug_macinfo
 *(.debug_macinfo)

.debug_weaknames
 *(.debug_weaknames)

.debug_funcnames
 *(.debug_funcnames)

.debug_typenames
 *(.debug_typenames)

.debug_varnames
 *(.debug_varnames)

.debug_pubtypes
 *(.debug_pubtypes)

.debug_ranges
 *(.debug_ranges)

.debug_addr
 *(.debug_addr)

.debug_line_str
                0x0000000000000000     0x153a
 *(.debug_line_str)
 .debug_line_str
                0x0000000000000000      0x5fe /data/riotbuild/riotproject/bin/native/application_my-iot-app/main.o
                                        0x712 (size before relaxing)
 .debug_line_str
                0x00000000000005fe      0x121 /data/riotbuild/riotproject/bin/native/auto_init/auto_init.o
                                        0x59d (size before relaxing)
 .debug_line_str
                0x000000000000071f       0x6c /data/riotbuild/riotproject/bin/native/board/board_init.o
                                        0x5cb (size before relaxing)
 .debug_line_str
                0x000000000000078b       0x67 /data/riotbuild/riotproject/bin/native/board_common_init/board_common.o
                                        0x5a5 (size before relaxing)
 .debug_line_str
                0x00000000000007f2       0x50 /data/riotbuild/riotproject/bin/native/core/cond.o
                                        0x48f (size before relaxing)
 .debug_line_str
                0x0000000000000842       0x39 /data/riotbuild/riotproject/bin/native/core/msg.o
                                        0x492 (size before relaxing)
 .debug_line_str
                0x000000000000087b       0x3b /data/riotbuild/riotproject/bin/native/core/mutex.o
                                        0x50c (size before relaxing)
 .debug_line_str
                0x00000000000008b6       0x40 /data/riotbuild/riotproject/bin/native/core/sched.o
                                        0x49d (size before relaxing)
 .debug_line_str
                0x00000000000008f6       0x32 /data/riotbuild/riotproject/bin/native/core/thread.o
                                        0x51e (size before relaxing)
 .debug_line_str
                0x0000000000000928       0x4d /data/riotbuild/riotproject/bin/native/core_lib/assert.o
                                        0x49e (size before relaxing)
 .debug_line_str